// Validating benchmarks:
// ***** BenchmarkRunner: Start   *****
// ***** Found 8 benchmark(s) in total *****
// ***** Building 1 exe(s) in Parallel: Start   *****
// start dotnet  restore --nodeReuse:false /p:UseSharedCompilation=false /p:Deterministic=true /p:Optimize=true /p:ArtifactsPath="C:\Users\baker\OneDrive\Desktop\AcademyScheduleAnalyzer\AcademyScheduleAnalyzer\bin\Release\net10.0\AcademyScheduleAnalyzer-DefaultJob-1/" /p:OutDir="C:\Users\baker\OneDrive\Desktop\AcademyScheduleAnalyzer\AcademyScheduleAnalyzer\bin\Release\net10.0\AcademyScheduleAnalyzer-DefaultJob-1\bin\Release\net10.0/" /p:OutputPath="C:\Users\baker\OneDrive\Desktop\AcademyScheduleAnalyzer\AcademyScheduleAnalyzer\bin\Release\net10.0\AcademyScheduleAnalyzer-DefaultJob-1\bin\Release\net10.0/" /p:PublishDir="C:\Users\baker\OneDrive\Desktop\AcademyScheduleAnalyzer\AcademyScheduleAnalyzer\bin\Release\net10.0\AcademyScheduleAnalyzer-DefaultJob-1\publish/" in C:\Users\baker\OneDrive\Desktop\AcademyScheduleAnalyzer\AcademyScheduleAnalyzer\bin\Release\net10.0\AcademyScheduleAnalyzer-DefaultJob-1
// command took 1.14 sec and exited with 0
// start dotnet  build -c Release --no-restore --nodeReuse:false /p:UseSharedCompilation=false /p:Deterministic=true /p:Optimize=true /p:ArtifactsPath="C:\Users\baker\OneDrive\Desktop\AcademyScheduleAnalyzer\AcademyScheduleAnalyzer\bin\Release\net10.0\AcademyScheduleAnalyzer-DefaultJob-1/" /p:OutDir="C:\Users\baker\OneDrive\Desktop\AcademyScheduleAnalyzer\AcademyScheduleAnalyzer\bin\Release\net10.0\AcademyScheduleAnalyzer-DefaultJob-1\bin\Release\net10.0/" /p:OutputPath="C:\Users\baker\OneDrive\Desktop\AcademyScheduleAnalyzer\AcademyScheduleAnalyzer\bin\Release\net10.0\AcademyScheduleAnalyzer-DefaultJob-1\bin\Release\net10.0/" /p:PublishDir="C:\Users\baker\OneDrive\Desktop\AcademyScheduleAnalyzer\AcademyScheduleAnalyzer\bin\Release\net10.0\AcademyScheduleAnalyzer-DefaultJob-1\publish/" --output "C:\Users\baker\OneDrive\Desktop\AcademyScheduleAnalyzer\AcademyScheduleAnalyzer\bin\Release\net10.0\AcademyScheduleAnalyzer-DefaultJob-1\bin\Release\net10.0/" in C:\Users\baker\OneDrive\Desktop\AcademyScheduleAnalyzer\AcademyScheduleAnalyzer\bin\Release\net10.0\AcademyScheduleAnalyzer-DefaultJob-1
// command took 4.54 sec and exited with 0
// ***** Done, took 00:00:05 (5.82 sec)   *****
// Found 8 benchmarks:
//   StringBenchmark.StringConcatenation: DefaultJob [Iterations=100]
//   StringBenchmark.StringBuilderConcatenation: DefaultJob [Iterations=100]
//   StringBenchmark.StringConcatenation: DefaultJob [Iterations=1000]
//   StringBenchmark.StringBuilderConcatenation: DefaultJob [Iterations=1000]
//   StringBenchmark.StringConcatenation: DefaultJob [Iterations=10000]
//   StringBenchmark.StringBuilderConcatenation: DefaultJob [Iterations=10000]
//   StringBenchmark.StringConcatenation: DefaultJob [Iterations=100000]
//   StringBenchmark.StringBuilderConcatenation: DefaultJob [Iterations=100000]

Setup power plan (GUID: 8c5e7fda-e8bf-4a96-9a85-a6e23a8c635c FriendlyName: High performance)
// **************************
// Benchmark: StringBenchmark.StringConcatenation: DefaultJob [Iterations=100]
// *** Execute ***
// Launch: 1 / 1
// Execute: dotnet AcademyScheduleAnalyzer-DefaultJob-1.dll --anonymousPipes 1384 1376 --benchmarkName "AcademyScheduleAnalyzer.Benchmarks.StringBenchmark.StringConcatenation(Iterations: 100)" --job Default --benchmarkId 0 in C:\Users\baker\OneDrive\Desktop\AcademyScheduleAnalyzer\AcademyScheduleAnalyzer\bin\Release\net10.0\AcademyScheduleAnalyzer-DefaultJob-1\bin\Release\net10.0
// BeforeAnythingElse

// Benchmark Process Environment Information:
// BenchmarkDotNet v0.15.8
// Runtime=.NET 10.0.11 (10.0.11, 10.0.1126.37416), X64 RyuJIT x86-64-v3
// GC=Non-concurrent Workstation
// HardwareIntrinsics=AVX2+BMI1+BMI2+F16C+FMA+LZCNT+MOVBE,AVX,SSE3+SSSE3+SSE4.1+SSE4.2+POPCNT,X86Base+SSE+SSE2,AES+PCLMUL VectorSize=256
// Job: DefaultJob

OverheadJitting  1: 1 op, 184500.00 ns, 184.5000 us/op
WorkloadJitting  1: 1 op, 304700.00 ns, 304.7000 us/op

OverheadJitting  2: 16 op, 414400.00 ns, 25.9000 us/op
WorkloadJitting  2: 16 op, 831400.00 ns, 51.9625 us/op

WorkloadPilot    1: 16 op, 344900.00 ns, 21.5563 us/op
WorkloadPilot    2: 32 op, 506300.00 ns, 15.8219 us/op
WorkloadPilot    3: 64 op, 1132200.00 ns, 17.6906 us/op
WorkloadPilot    4: 128 op, 2139200.00 ns, 16.7125 us/op
WorkloadPilot    5: 256 op, 2601200.00 ns, 10.1609 us/op
WorkloadPilot    6: 512 op, 3126600.00 ns, 6.1066 us/op
WorkloadPilot    7: 1024 op, 5677800.00 ns, 5.5447 us/op
WorkloadPilot    8: 2048 op, 10825900.00 ns, 5.2861 us/op
WorkloadPilot    9: 4096 op, 21041500.00 ns, 5.1371 us/op
WorkloadPilot   10: 8192 op, 56246200.00 ns, 6.8660 us/op
WorkloadPilot   11: 16384 op, 82473800.00 ns, 5.0338 us/op
WorkloadPilot   12: 32768 op, 153260400.00 ns, 4.6771 us/op
WorkloadPilot   13: 65536 op, 329351600.00 ns, 5.0255 us/op
WorkloadPilot   14: 131072 op, 580732900.00 ns, 4.4306 us/op

OverheadWarmup   1: 131072 op, 406700.00 ns, 3.1029 ns/op
OverheadWarmup   2: 131072 op, 407400.00 ns, 3.1082 ns/op
OverheadWarmup   3: 131072 op, 407700.00 ns, 3.1105 ns/op
OverheadWarmup   4: 131072 op, 408200.00 ns, 3.1143 ns/op
OverheadWarmup   5: 131072 op, 407700.00 ns, 3.1105 ns/op
OverheadWarmup   6: 131072 op, 407700.00 ns, 3.1105 ns/op
OverheadWarmup   7: 131072 op, 407800.00 ns, 3.1113 ns/op

OverheadActual   1: 131072 op, 406100.00 ns, 3.0983 ns/op
OverheadActual   2: 131072 op, 407800.00 ns, 3.1113 ns/op
OverheadActual   3: 131072 op, 407800.00 ns, 3.1113 ns/op
OverheadActual   4: 131072 op, 407700.00 ns, 3.1105 ns/op
OverheadActual   5: 131072 op, 406200.00 ns, 3.0991 ns/op
OverheadActual   6: 131072 op, 417700.00 ns, 3.1868 ns/op
OverheadActual   7: 131072 op, 413800.00 ns, 3.1570 ns/op
OverheadActual   8: 131072 op, 451400.00 ns, 3.4439 ns/op
OverheadActual   9: 131072 op, 414300.00 ns, 3.1609 ns/op
OverheadActual  10: 131072 op, 414600.00 ns, 3.1631 ns/op
OverheadActual  11: 131072 op, 414600.00 ns, 3.1631 ns/op
OverheadActual  12: 131072 op, 406900.00 ns, 3.1044 ns/op
OverheadActual  13: 131072 op, 406000.00 ns, 3.0975 ns/op
OverheadActual  14: 131072 op, 413600.00 ns, 3.1555 ns/op
OverheadActual  15: 131072 op, 407700.00 ns, 3.1105 ns/op

WorkloadWarmup   1: 131072 op, 552151800.00 ns, 4.2126 us/op
WorkloadWarmup   2: 131072 op, 575377400.00 ns, 4.3898 us/op
WorkloadWarmup   3: 131072 op, 682492600.00 ns, 5.2070 us/op
WorkloadWarmup   4: 131072 op, 571391400.00 ns, 4.3594 us/op
WorkloadWarmup   5: 131072 op, 534692900.00 ns, 4.0794 us/op
WorkloadWarmup   6: 131072 op, 561208600.00 ns, 4.2817 us/op
WorkloadWarmup   7: 131072 op, 633077100.00 ns, 4.8300 us/op
WorkloadWarmup   8: 131072 op, 583384800.00 ns, 4.4509 us/op

// BeforeActualRun
WorkloadActual   1: 131072 op, 740460100.00 ns, 5.6493 us/op
WorkloadActual   2: 131072 op, 627675000.00 ns, 4.7888 us/op
WorkloadActual   3: 131072 op, 664875600.00 ns, 5.0726 us/op
WorkloadActual   4: 131072 op, 673163300.00 ns, 5.1358 us/op
WorkloadActual   5: 131072 op, 631410700.00 ns, 4.8173 us/op
WorkloadActual   6: 131072 op, 610465300.00 ns, 4.6575 us/op
WorkloadActual   7: 131072 op, 620716300.00 ns, 4.7357 us/op
WorkloadActual   8: 131072 op, 625538000.00 ns, 4.7725 us/op
WorkloadActual   9: 131072 op, 609398800.00 ns, 4.6493 us/op
WorkloadActual  10: 131072 op, 632136500.00 ns, 4.8228 us/op
WorkloadActual  11: 131072 op, 634605800.00 ns, 4.8417 us/op
WorkloadActual  12: 131072 op, 761435200.00 ns, 5.8093 us/op
WorkloadActual  13: 131072 op, 631346600.00 ns, 4.8168 us/op
WorkloadActual  14: 131072 op, 636826000.00 ns, 4.8586 us/op
WorkloadActual  15: 131072 op, 635479700.00 ns, 4.8483 us/op
WorkloadActual  16: 131072 op, 633286800.00 ns, 4.8316 us/op
WorkloadActual  17: 131072 op, 664856700.00 ns, 5.0725 us/op
WorkloadActual  18: 131072 op, 582653800.00 ns, 4.4453 us/op
WorkloadActual  19: 131072 op, 558878200.00 ns, 4.2639 us/op
WorkloadActual  20: 131072 op, 539750600.00 ns, 4.1180 us/op
WorkloadActual  21: 131072 op, 577961700.00 ns, 4.4095 us/op
WorkloadActual  22: 131072 op, 544437000.00 ns, 4.1537 us/op
WorkloadActual  23: 131072 op, 557123100.00 ns, 4.2505 us/op
WorkloadActual  24: 131072 op, 549092600.00 ns, 4.1892 us/op
WorkloadActual  25: 131072 op, 528101700.00 ns, 4.0291 us/op
WorkloadActual  26: 131072 op, 580447500.00 ns, 4.4285 us/op
WorkloadActual  27: 131072 op, 528620600.00 ns, 4.0331 us/op
WorkloadActual  28: 131072 op, 539379400.00 ns, 4.1151 us/op
WorkloadActual  29: 131072 op, 535936200.00 ns, 4.0889 us/op
WorkloadActual  30: 131072 op, 539844300.00 ns, 4.1187 us/op
WorkloadActual  31: 131072 op, 544708100.00 ns, 4.1558 us/op
WorkloadActual  32: 131072 op, 557031500.00 ns, 4.2498 us/op
WorkloadActual  33: 131072 op, 625682400.00 ns, 4.7736 us/op
WorkloadActual  34: 131072 op, 545557800.00 ns, 4.1623 us/op
WorkloadActual  35: 131072 op, 541955300.00 ns, 4.1348 us/op
WorkloadActual  36: 131072 op, 549290900.00 ns, 4.1908 us/op
WorkloadActual  37: 131072 op, 542822500.00 ns, 4.1414 us/op
WorkloadActual  38: 131072 op, 623828400.00 ns, 4.7594 us/op
WorkloadActual  39: 131072 op, 536998900.00 ns, 4.0970 us/op
WorkloadActual  40: 131072 op, 564042600.00 ns, 4.3033 us/op
WorkloadActual  41: 131072 op, 546390600.00 ns, 4.1686 us/op
WorkloadActual  42: 131072 op, 540264400.00 ns, 4.1219 us/op
WorkloadActual  43: 131072 op, 576354800.00 ns, 4.3972 us/op
WorkloadActual  44: 131072 op, 532359200.00 ns, 4.0616 us/op
WorkloadActual  45: 131072 op, 538723700.00 ns, 4.1101 us/op
WorkloadActual  46: 131072 op, 561481300.00 ns, 4.2838 us/op
WorkloadActual  47: 131072 op, 537693600.00 ns, 4.1023 us/op
WorkloadActual  48: 131072 op, 554915400.00 ns, 4.2337 us/op
WorkloadActual  49: 131072 op, 587119000.00 ns, 4.4794 us/op
WorkloadActual  50: 131072 op, 575728200.00 ns, 4.3925 us/op
WorkloadActual  51: 131072 op, 540244400.00 ns, 4.1217 us/op
WorkloadActual  52: 131072 op, 552670200.00 ns, 4.2165 us/op
WorkloadActual  53: 131072 op, 626017600.00 ns, 4.7761 us/op
WorkloadActual  54: 131072 op, 591334300.00 ns, 4.5115 us/op
WorkloadActual  55: 131072 op, 573405200.00 ns, 4.3747 us/op
WorkloadActual  56: 131072 op, 529790900.00 ns, 4.0420 us/op
WorkloadActual  57: 131072 op, 525671400.00 ns, 4.0106 us/op
WorkloadActual  58: 131072 op, 562899000.00 ns, 4.2946 us/op
WorkloadActual  59: 131072 op, 653664000.00 ns, 4.9871 us/op
WorkloadActual  60: 131072 op, 636748200.00 ns, 4.8580 us/op
WorkloadActual  61: 131072 op, 567426200.00 ns, 4.3291 us/op
WorkloadActual  62: 131072 op, 581782500.00 ns, 4.4386 us/op
WorkloadActual  63: 131072 op, 595269700.00 ns, 4.5415 us/op
WorkloadActual  64: 131072 op, 631268400.00 ns, 4.8162 us/op
WorkloadActual  65: 131072 op, 814568500.00 ns, 6.2147 us/op
WorkloadActual  66: 131072 op, 743891600.00 ns, 5.6754 us/op
WorkloadActual  67: 131072 op, 555934000.00 ns, 4.2414 us/op
WorkloadActual  68: 131072 op, 550690800.00 ns, 4.2014 us/op
WorkloadActual  69: 131072 op, 541506300.00 ns, 4.1314 us/op
WorkloadActual  70: 131072 op, 539890200.00 ns, 4.1190 us/op
WorkloadActual  71: 131072 op, 567813600.00 ns, 4.3321 us/op
WorkloadActual  72: 131072 op, 543006100.00 ns, 4.1428 us/op
WorkloadActual  73: 131072 op, 543042200.00 ns, 4.1431 us/op
WorkloadActual  74: 131072 op, 580330500.00 ns, 4.4276 us/op
WorkloadActual  75: 131072 op, 534166000.00 ns, 4.0754 us/op
WorkloadActual  76: 131072 op, 552209700.00 ns, 4.2130 us/op
WorkloadActual  77: 131072 op, 545862500.00 ns, 4.1646 us/op
WorkloadActual  78: 131072 op, 550426000.00 ns, 4.1994 us/op
WorkloadActual  79: 131072 op, 549007900.00 ns, 4.1886 us/op
WorkloadActual  80: 131072 op, 558265000.00 ns, 4.2592 us/op
WorkloadActual  81: 131072 op, 557191100.00 ns, 4.2510 us/op
WorkloadActual  82: 131072 op, 551377800.00 ns, 4.2067 us/op
WorkloadActual  83: 131072 op, 552932000.00 ns, 4.2185 us/op
WorkloadActual  84: 131072 op, 546652800.00 ns, 4.1706 us/op
WorkloadActual  85: 131072 op, 550872200.00 ns, 4.2028 us/op
WorkloadActual  86: 131072 op, 529018000.00 ns, 4.0361 us/op
WorkloadActual  87: 131072 op, 548704000.00 ns, 4.1863 us/op
WorkloadActual  88: 131072 op, 537059800.00 ns, 4.0974 us/op
WorkloadActual  89: 131072 op, 523271700.00 ns, 3.9922 us/op
WorkloadActual  90: 131072 op, 551558700.00 ns, 4.2081 us/op
WorkloadActual  91: 131072 op, 539865100.00 ns, 4.1188 us/op
WorkloadActual  92: 131072 op, 523925900.00 ns, 3.9972 us/op
WorkloadActual  93: 131072 op, 515693400.00 ns, 3.9344 us/op
WorkloadActual  94: 131072 op, 522757000.00 ns, 3.9883 us/op
WorkloadActual  95: 131072 op, 524623600.00 ns, 4.0026 us/op
WorkloadActual  96: 131072 op, 550408900.00 ns, 4.1993 us/op
WorkloadActual  97: 131072 op, 532320100.00 ns, 4.0613 us/op
WorkloadActual  98: 131072 op, 519964600.00 ns, 3.9670 us/op
WorkloadActual  99: 131072 op, 523019900.00 ns, 3.9903 us/op
WorkloadActual  100: 131072 op, 522725500.00 ns, 3.9881 us/op

// AfterActualRun
WorkloadResult   1: 131072 op, 627267200.00 ns, 4.7857 us/op
WorkloadResult   2: 131072 op, 664467800.00 ns, 5.0695 us/op
WorkloadResult   3: 131072 op, 672755500.00 ns, 5.1327 us/op
WorkloadResult   4: 131072 op, 631002900.00 ns, 4.8142 us/op
WorkloadResult   5: 131072 op, 610057500.00 ns, 4.6544 us/op
WorkloadResult   6: 131072 op, 620308500.00 ns, 4.7326 us/op
WorkloadResult   7: 131072 op, 625130200.00 ns, 4.7694 us/op
WorkloadResult   8: 131072 op, 608991000.00 ns, 4.6462 us/op
WorkloadResult   9: 131072 op, 631728700.00 ns, 4.8197 us/op
WorkloadResult  10: 131072 op, 634198000.00 ns, 4.8385 us/op
WorkloadResult  11: 131072 op, 630938800.00 ns, 4.8137 us/op
WorkloadResult  12: 131072 op, 636418200.00 ns, 4.8555 us/op
WorkloadResult  13: 131072 op, 635071900.00 ns, 4.8452 us/op
WorkloadResult  14: 131072 op, 632879000.00 ns, 4.8285 us/op
WorkloadResult  15: 131072 op, 664448900.00 ns, 5.0693 us/op
WorkloadResult  16: 131072 op, 582246000.00 ns, 4.4422 us/op
WorkloadResult  17: 131072 op, 558470400.00 ns, 4.2608 us/op
WorkloadResult  18: 131072 op, 539342800.00 ns, 4.1149 us/op
WorkloadResult  19: 131072 op, 577553900.00 ns, 4.4064 us/op
WorkloadResult  20: 131072 op, 544029200.00 ns, 4.1506 us/op
WorkloadResult  21: 131072 op, 556715300.00 ns, 4.2474 us/op
WorkloadResult  22: 131072 op, 548684800.00 ns, 4.1861 us/op
WorkloadResult  23: 131072 op, 527693900.00 ns, 4.0260 us/op
WorkloadResult  24: 131072 op, 580039700.00 ns, 4.4254 us/op
WorkloadResult  25: 131072 op, 528212800.00 ns, 4.0299 us/op
WorkloadResult  26: 131072 op, 538971600.00 ns, 4.1120 us/op
WorkloadResult  27: 131072 op, 535528400.00 ns, 4.0858 us/op
WorkloadResult  28: 131072 op, 539436500.00 ns, 4.1156 us/op
WorkloadResult  29: 131072 op, 544300300.00 ns, 4.1527 us/op
WorkloadResult  30: 131072 op, 556623700.00 ns, 4.2467 us/op
WorkloadResult  31: 131072 op, 625274600.00 ns, 4.7705 us/op
WorkloadResult  32: 131072 op, 545150000.00 ns, 4.1592 us/op
WorkloadResult  33: 131072 op, 541547500.00 ns, 4.1317 us/op
WorkloadResult  34: 131072 op, 548883100.00 ns, 4.1876 us/op
WorkloadResult  35: 131072 op, 542414700.00 ns, 4.1383 us/op
WorkloadResult  36: 131072 op, 623420600.00 ns, 4.7563 us/op
WorkloadResult  37: 131072 op, 536591100.00 ns, 4.0939 us/op
WorkloadResult  38: 131072 op, 563634800.00 ns, 4.3002 us/op
WorkloadResult  39: 131072 op, 545982800.00 ns, 4.1655 us/op
WorkloadResult  40: 131072 op, 539856600.00 ns, 4.1188 us/op
WorkloadResult  41: 131072 op, 575947000.00 ns, 4.3941 us/op
WorkloadResult  42: 131072 op, 531951400.00 ns, 4.0585 us/op
WorkloadResult  43: 131072 op, 538315900.00 ns, 4.1070 us/op
WorkloadResult  44: 131072 op, 561073500.00 ns, 4.2807 us/op
WorkloadResult  45: 131072 op, 537285800.00 ns, 4.0992 us/op
WorkloadResult  46: 131072 op, 554507600.00 ns, 4.2306 us/op
WorkloadResult  47: 131072 op, 586711200.00 ns, 4.4763 us/op
WorkloadResult  48: 131072 op, 575320400.00 ns, 4.3893 us/op
WorkloadResult  49: 131072 op, 539836600.00 ns, 4.1186 us/op
WorkloadResult  50: 131072 op, 552262400.00 ns, 4.2134 us/op
WorkloadResult  51: 131072 op, 625609800.00 ns, 4.7730 us/op
WorkloadResult  52: 131072 op, 590926500.00 ns, 4.5084 us/op
WorkloadResult  53: 131072 op, 572997400.00 ns, 4.3716 us/op
WorkloadResult  54: 131072 op, 529383100.00 ns, 4.0389 us/op
WorkloadResult  55: 131072 op, 525263600.00 ns, 4.0074 us/op
WorkloadResult  56: 131072 op, 562491200.00 ns, 4.2915 us/op
WorkloadResult  57: 131072 op, 653256200.00 ns, 4.9839 us/op
WorkloadResult  58: 131072 op, 636340400.00 ns, 4.8549 us/op
WorkloadResult  59: 131072 op, 567018400.00 ns, 4.3260 us/op
WorkloadResult  60: 131072 op, 581374700.00 ns, 4.4355 us/op
WorkloadResult  61: 131072 op, 594861900.00 ns, 4.5384 us/op
WorkloadResult  62: 131072 op, 630860600.00 ns, 4.8131 us/op
WorkloadResult  63: 131072 op, 555526200.00 ns, 4.2383 us/op
WorkloadResult  64: 131072 op, 550283000.00 ns, 4.1983 us/op
WorkloadResult  65: 131072 op, 541098500.00 ns, 4.1283 us/op
WorkloadResult  66: 131072 op, 539482400.00 ns, 4.1159 us/op
WorkloadResult  67: 131072 op, 567405800.00 ns, 4.3290 us/op
WorkloadResult  68: 131072 op, 542598300.00 ns, 4.1397 us/op
WorkloadResult  69: 131072 op, 542634400.00 ns, 4.1400 us/op
WorkloadResult  70: 131072 op, 579922700.00 ns, 4.4245 us/op
WorkloadResult  71: 131072 op, 533758200.00 ns, 4.0723 us/op
WorkloadResult  72: 131072 op, 551801900.00 ns, 4.2099 us/op
WorkloadResult  73: 131072 op, 545454700.00 ns, 4.1615 us/op
WorkloadResult  74: 131072 op, 550018200.00 ns, 4.1963 us/op
WorkloadResult  75: 131072 op, 548600100.00 ns, 4.1855 us/op
WorkloadResult  76: 131072 op, 557857200.00 ns, 4.2561 us/op
WorkloadResult  77: 131072 op, 556783300.00 ns, 4.2479 us/op
WorkloadResult  78: 131072 op, 550970000.00 ns, 4.2036 us/op
WorkloadResult  79: 131072 op, 552524200.00 ns, 4.2154 us/op
WorkloadResult  80: 131072 op, 546245000.00 ns, 4.1675 us/op
WorkloadResult  81: 131072 op, 550464400.00 ns, 4.1997 us/op
WorkloadResult  82: 131072 op, 528610200.00 ns, 4.0330 us/op
WorkloadResult  83: 131072 op, 548296200.00 ns, 4.1832 us/op
WorkloadResult  84: 131072 op, 536652000.00 ns, 4.0943 us/op
WorkloadResult  85: 131072 op, 522863900.00 ns, 3.9891 us/op
WorkloadResult  86: 131072 op, 551150900.00 ns, 4.2049 us/op
WorkloadResult  87: 131072 op, 539457300.00 ns, 4.1157 us/op
WorkloadResult  88: 131072 op, 523518100.00 ns, 3.9941 us/op
WorkloadResult  89: 131072 op, 515285600.00 ns, 3.9313 us/op
WorkloadResult  90: 131072 op, 522349200.00 ns, 3.9852 us/op
WorkloadResult  91: 131072 op, 524215800.00 ns, 3.9994 us/op
WorkloadResult  92: 131072 op, 550001100.00 ns, 4.1962 us/op
WorkloadResult  93: 131072 op, 531912300.00 ns, 4.0582 us/op
WorkloadResult  94: 131072 op, 519556800.00 ns, 3.9639 us/op
WorkloadResult  95: 131072 op, 522612100.00 ns, 3.9872 us/op
WorkloadResult  96: 131072 op, 522317700.00 ns, 3.9850 us/op
// GC:  1146 4 0 9589227520 131072
// Threading:  0 0 131072

// AfterAll
// Benchmark Process 19480 has exited with code 0.

Mean = 4.327 μs, StdErr = 0.031 μs (0.72%), N = 96, StdDev = 0.305 μs
Min = 3.931 μs, Q1 = 4.116 μs, Median = 4.204 μs, Q3 = 4.451 μs, Max = 5.133 μs
IQR = 0.335 μs, LowerFence = 3.613 μs, UpperFence = 4.953 μs
ConfidenceInterval = [4.221 μs; 4.432 μs] (CI 99.9%), Margin = 0.106 μs (2.44% of Mean)
Skewness = 0.97, Kurtosis = 2.74, MValue = 2.5

// ** Remained 7 (87.5%) benchmark(s) to run. Estimated finish 2026-09-13 0:36 (0h 7m from now) **
Setup power plan (GUID: 8c5e7fda-e8bf-4a96-9a85-a6e23a8c635c FriendlyName: High performance)
// **************************
// Benchmark: StringBenchmark.StringBuilderConcatenation: DefaultJob [Iterations=100]
// *** Execute ***
// Launch: 1 / 1
// Execute: dotnet AcademyScheduleAnalyzer-DefaultJob-1.dll --anonymousPipes 1388 1384 --benchmarkName "AcademyScheduleAnalyzer.Benchmarks.StringBenchmark.StringBuilderConcatenation(Iterations: 100)" --job Default --benchmarkId 1 in C:\Users\baker\OneDrive\Desktop\AcademyScheduleAnalyzer\AcademyScheduleAnalyzer\bin\Release\net10.0\AcademyScheduleAnalyzer-DefaultJob-1\bin\Release\net10.0
// BeforeAnythingElse

// Benchmark Process Environment Information:
// BenchmarkDotNet v0.15.8
// Runtime=.NET 10.0.11 (10.0.11, 10.0.1126.37416), X64 RyuJIT x86-64-v3
// GC=Non-concurrent Workstation
// HardwareIntrinsics=AVX2+BMI1+BMI2+F16C+FMA+LZCNT+MOVBE,AVX,SSE3+SSSE3+SSE4.1+SSE4.2+POPCNT,X86Base+SSE+SSE2,AES+PCLMUL VectorSize=256
// Job: DefaultJob

OverheadJitting  1: 1 op, 589600.00 ns, 589.6000 us/op
WorkloadJitting  1: 1 op, 277500.00 ns, 277.5000 us/op

OverheadJitting  2: 16 op, 404400.00 ns, 25.2750 us/op
WorkloadJitting  2: 16 op, 454500.00 ns, 28.4063 us/op

WorkloadPilot    1: 16 op, 42200.00 ns, 2.6375 us/op
WorkloadPilot    2: 32 op, 79600.00 ns, 2.4875 us/op
WorkloadPilot    3: 64 op, 168000.00 ns, 2.6250 us/op
WorkloadPilot    4: 128 op, 308500.00 ns, 2.4102 us/op
WorkloadPilot    5: 256 op, 536300.00 ns, 2.0949 us/op
WorkloadPilot    6: 512 op, 975900.00 ns, 1.9061 us/op
WorkloadPilot    7: 1024 op, 1987000.00 ns, 1.9404 us/op
WorkloadPilot    8: 2048 op, 3840900.00 ns, 1.8754 us/op
WorkloadPilot    9: 4096 op, 5249800.00 ns, 1.2817 us/op
WorkloadPilot   10: 8192 op, 10190700.00 ns, 1.2440 us/op
WorkloadPilot   11: 16384 op, 20066800.00 ns, 1.2248 us/op
WorkloadPilot   12: 32768 op, 38298000.00 ns, 1.1688 us/op
WorkloadPilot   13: 65536 op, 76069500.00 ns, 1.1607 us/op
WorkloadPilot   14: 131072 op, 109441600.00 ns, 834.9731 ns/op
WorkloadPilot   15: 262144 op, 103591700.00 ns, 395.1710 ns/op
WorkloadPilot   16: 524288 op, 216244100.00 ns, 412.4529 ns/op
WorkloadPilot   17: 1048576 op, 422100100.00 ns, 402.5460 ns/op
WorkloadPilot   18: 2097152 op, 875412900.00 ns, 417.4294 ns/op

OverheadWarmup   1: 2097152 op, 6461800.00 ns, 3.0812 ns/op
OverheadWarmup   2: 2097152 op, 6459600.00 ns, 3.0802 ns/op
OverheadWarmup   3: 2097152 op, 6447600.00 ns, 3.0745 ns/op
OverheadWarmup   4: 2097152 op, 6457400.00 ns, 3.0791 ns/op
OverheadWarmup   5: 2097152 op, 6482000.00 ns, 3.0909 ns/op
OverheadWarmup   6: 2097152 op, 6468700.00 ns, 3.0845 ns/op
OverheadWarmup   7: 2097152 op, 6413400.00 ns, 3.0581 ns/op
OverheadWarmup   8: 2097152 op, 6457700.00 ns, 3.0793 ns/op
OverheadWarmup   9: 2097152 op, 6474400.00 ns, 3.0872 ns/op
OverheadWarmup  10: 2097152 op, 6490800.00 ns, 3.0951 ns/op

OverheadActual   1: 2097152 op, 6490100.00 ns, 3.0947 ns/op
OverheadActual   2: 2097152 op, 6459200.00 ns, 3.0800 ns/op
OverheadActual   3: 2097152 op, 6471800.00 ns, 3.0860 ns/op
OverheadActual   4: 2097152 op, 6539000.00 ns, 3.1180 ns/op
OverheadActual   5: 2097152 op, 6459600.00 ns, 3.0802 ns/op
OverheadActual   6: 2097152 op, 6429600.00 ns, 3.0659 ns/op
OverheadActual   7: 2097152 op, 6444200.00 ns, 3.0728 ns/op
OverheadActual   8: 2097152 op, 6531500.00 ns, 3.1145 ns/op
OverheadActual   9: 2097152 op, 6455900.00 ns, 3.0784 ns/op
OverheadActual  10: 2097152 op, 6558800.00 ns, 3.1275 ns/op
OverheadActual  11: 2097152 op, 6452700.00 ns, 3.0769 ns/op
OverheadActual  12: 2097152 op, 6574000.00 ns, 3.1347 ns/op
OverheadActual  13: 2097152 op, 6397700.00 ns, 3.0507 ns/op
OverheadActual  14: 2097152 op, 6535300.00 ns, 3.1163 ns/op
OverheadActual  15: 2097152 op, 6535300.00 ns, 3.1163 ns/op

WorkloadWarmup   1: 2097152 op, 848318200.00 ns, 404.5096 ns/op
WorkloadWarmup   2: 2097152 op, 852762600.00 ns, 406.6289 ns/op
WorkloadWarmup   3: 2097152 op, 861846900.00 ns, 410.9606 ns/op
WorkloadWarmup   4: 2097152 op, 852345900.00 ns, 406.4302 ns/op
WorkloadWarmup   5: 2097152 op, 856918800.00 ns, 408.6107 ns/op
WorkloadWarmup   6: 2097152 op, 870691500.00 ns, 415.1781 ns/op
WorkloadWarmup   7: 2097152 op, 933014900.00 ns, 444.8962 ns/op
WorkloadWarmup   8: 2097152 op, 958778600.00 ns, 457.1813 ns/op
WorkloadWarmup   9: 2097152 op, 858451200.00 ns, 409.3414 ns/op

// BeforeActualRun
WorkloadActual   1: 2097152 op, 877827600.00 ns, 418.5808 ns/op
WorkloadActual   2: 2097152 op, 909078100.00 ns, 433.4822 ns/op
WorkloadActual   3: 2097152 op, 948760600.00 ns, 452.4043 ns/op
WorkloadActual   4: 2097152 op, 937785400.00 ns, 447.1709 ns/op
WorkloadActual   5: 2097152 op, 1006485100.00 ns, 479.9295 ns/op
WorkloadActual   6: 2097152 op, 923099800.00 ns, 440.1683 ns/op
WorkloadActual   7: 2097152 op, 929896000.00 ns, 443.4090 ns/op
WorkloadActual   8: 2097152 op, 962753100.00 ns, 459.0765 ns/op
WorkloadActual   9: 2097152 op, 935174700.00 ns, 445.9260 ns/op
WorkloadActual  10: 2097152 op, 1015790800.00 ns, 484.3668 ns/op
WorkloadActual  11: 2097152 op, 1000054700.00 ns, 476.8632 ns/op
WorkloadActual  12: 2097152 op, 1007286100.00 ns, 480.3114 ns/op
WorkloadActual  13: 2097152 op, 960520200.00 ns, 458.0117 ns/op
WorkloadActual  14: 2097152 op, 917840600.00 ns, 437.6605 ns/op
WorkloadActual  15: 2097152 op, 903891700.00 ns, 431.0091 ns/op
WorkloadActual  16: 2097152 op, 921878700.00 ns, 439.5860 ns/op
WorkloadActual  17: 2097152 op, 908679400.00 ns, 433.2921 ns/op
WorkloadActual  18: 2097152 op, 907516700.00 ns, 432.7377 ns/op
WorkloadActual  19: 2097152 op, 903935200.00 ns, 431.0299 ns/op
WorkloadActual  20: 2097152 op, 881436100.00 ns, 420.3015 ns/op
WorkloadActual  21: 2097152 op, 853773400.00 ns, 407.1109 ns/op
WorkloadActual  22: 2097152 op, 858671600.00 ns, 409.4465 ns/op
WorkloadActual  23: 2097152 op, 870525500.00 ns, 415.0989 ns/op
WorkloadActual  24: 2097152 op, 878609500.00 ns, 418.9537 ns/op
WorkloadActual  25: 2097152 op, 873943800.00 ns, 416.7289 ns/op
WorkloadActual  26: 2097152 op, 855358300.00 ns, 407.8666 ns/op
WorkloadActual  27: 2097152 op, 864424900.00 ns, 412.1899 ns/op
WorkloadActual  28: 2097152 op, 848745200.00 ns, 404.7132 ns/op
WorkloadActual  29: 2097152 op, 852142500.00 ns, 406.3332 ns/op
WorkloadActual  30: 2097152 op, 872841400.00 ns, 416.2032 ns/op
WorkloadActual  31: 2097152 op, 852463600.00 ns, 406.4863 ns/op
WorkloadActual  32: 2097152 op, 910661200.00 ns, 434.2371 ns/op
WorkloadActual  33: 2097152 op, 928218000.00 ns, 442.6088 ns/op
WorkloadActual  34: 2097152 op, 888531000.00 ns, 423.6846 ns/op
WorkloadActual  35: 2097152 op, 887616300.00 ns, 423.2484 ns/op
WorkloadActual  36: 2097152 op, 874961200.00 ns, 417.2140 ns/op
WorkloadActual  37: 2097152 op, 856339500.00 ns, 408.3345 ns/op
WorkloadActual  38: 2097152 op, 917308800.00 ns, 437.4069 ns/op
WorkloadActual  39: 2097152 op, 865868200.00 ns, 412.8781 ns/op
WorkloadActual  40: 2097152 op, 855302200.00 ns, 407.8399 ns/op
WorkloadActual  41: 2097152 op, 911277900.00 ns, 434.5312 ns/op
WorkloadActual  42: 2097152 op, 899059400.00 ns, 428.7049 ns/op
WorkloadActual  43: 2097152 op, 866294000.00 ns, 413.0812 ns/op
WorkloadActual  44: 2097152 op, 858395500.00 ns, 409.3149 ns/op
WorkloadActual  45: 2097152 op, 864399500.00 ns, 412.1778 ns/op
WorkloadActual  46: 2097152 op, 853189600.00 ns, 406.8325 ns/op
WorkloadActual  47: 2097152 op, 871908900.00 ns, 415.7586 ns/op
WorkloadActual  48: 2097152 op, 863193600.00 ns, 411.6028 ns/op
WorkloadActual  49: 2097152 op, 848931200.00 ns, 404.8019 ns/op
WorkloadActual  50: 2097152 op, 854948200.00 ns, 407.6711 ns/op
WorkloadActual  51: 2097152 op, 862023900.00 ns, 411.0450 ns/op
WorkloadActual  52: 2097152 op, 853737800.00 ns, 407.0939 ns/op
WorkloadActual  53: 2097152 op, 879905300.00 ns, 419.5715 ns/op

// AfterActualRun
WorkloadResult   1: 2097152 op, 871355800.00 ns, 415.4948 ns/op
WorkloadResult   2: 2097152 op, 902606300.00 ns, 430.3962 ns/op
WorkloadResult   3: 2097152 op, 942288800.00 ns, 449.3183 ns/op
WorkloadResult   4: 2097152 op, 931313600.00 ns, 444.0849 ns/op
WorkloadResult   5: 2097152 op, 916628000.00 ns, 437.0823 ns/op
WorkloadResult   6: 2097152 op, 923424200.00 ns, 440.3230 ns/op
WorkloadResult   7: 2097152 op, 956281300.00 ns, 455.9905 ns/op
WorkloadResult   8: 2097152 op, 928702900.00 ns, 442.8401 ns/op
WorkloadResult   9: 2097152 op, 993582900.00 ns, 473.7772 ns/op
WorkloadResult  10: 2097152 op, 954048400.00 ns, 454.9257 ns/op
WorkloadResult  11: 2097152 op, 911368800.00 ns, 434.5745 ns/op
WorkloadResult  12: 2097152 op, 897419900.00 ns, 427.9232 ns/op
WorkloadResult  13: 2097152 op, 915406900.00 ns, 436.5000 ns/op
WorkloadResult  14: 2097152 op, 902207600.00 ns, 430.2061 ns/op
WorkloadResult  15: 2097152 op, 901044900.00 ns, 429.6517 ns/op
WorkloadResult  16: 2097152 op, 897463400.00 ns, 427.9439 ns/op
WorkloadResult  17: 2097152 op, 874964300.00 ns, 417.2155 ns/op
WorkloadResult  18: 2097152 op, 847301600.00 ns, 404.0249 ns/op
WorkloadResult  19: 2097152 op, 852199800.00 ns, 406.3605 ns/op
WorkloadResult  20: 2097152 op, 864053700.00 ns, 412.0129 ns/op
WorkloadResult  21: 2097152 op, 872137700.00 ns, 415.8677 ns/op
WorkloadResult  22: 2097152 op, 867472000.00 ns, 413.6429 ns/op
WorkloadResult  23: 2097152 op, 848886500.00 ns, 404.7806 ns/op
WorkloadResult  24: 2097152 op, 857953100.00 ns, 409.1039 ns/op
WorkloadResult  25: 2097152 op, 842273400.00 ns, 401.6273 ns/op
WorkloadResult  26: 2097152 op, 845670700.00 ns, 403.2472 ns/op
WorkloadResult  27: 2097152 op, 866369600.00 ns, 413.1172 ns/op
WorkloadResult  28: 2097152 op, 845991800.00 ns, 403.4003 ns/op
WorkloadResult  29: 2097152 op, 904189400.00 ns, 431.1511 ns/op
WorkloadResult  30: 2097152 op, 921746200.00 ns, 439.5228 ns/op
WorkloadResult  31: 2097152 op, 882059200.00 ns, 420.5986 ns/op
WorkloadResult  32: 2097152 op, 881144500.00 ns, 420.1624 ns/op
WorkloadResult  33: 2097152 op, 868489400.00 ns, 414.1280 ns/op
WorkloadResult  34: 2097152 op, 849867700.00 ns, 405.2485 ns/op
WorkloadResult  35: 2097152 op, 910837000.00 ns, 434.3209 ns/op
WorkloadResult  36: 2097152 op, 859396400.00 ns, 409.7921 ns/op
WorkloadResult  37: 2097152 op, 848830400.00 ns, 404.7539 ns/op
WorkloadResult  38: 2097152 op, 904806100.00 ns, 431.4452 ns/op
WorkloadResult  39: 2097152 op, 892587600.00 ns, 425.6189 ns/op
WorkloadResult  40: 2097152 op, 859822200.00 ns, 409.9952 ns/op
WorkloadResult  41: 2097152 op, 851923700.00 ns, 406.2289 ns/op
WorkloadResult  42: 2097152 op, 857927700.00 ns, 409.0918 ns/op
WorkloadResult  43: 2097152 op, 846717800.00 ns, 403.7465 ns/op
WorkloadResult  44: 2097152 op, 865437100.00 ns, 412.6726 ns/op
WorkloadResult  45: 2097152 op, 856721800.00 ns, 408.5168 ns/op
WorkloadResult  46: 2097152 op, 842459400.00 ns, 401.7159 ns/op
WorkloadResult  47: 2097152 op, 848476400.00 ns, 404.5851 ns/op
WorkloadResult  48: 2097152 op, 855552100.00 ns, 407.9590 ns/op
WorkloadResult  49: 2097152 op, 847266000.00 ns, 404.0079 ns/op
WorkloadResult  50: 2097152 op, 873433500.00 ns, 416.4855 ns/op
// GC:  996 6 0 8338276352 2097152
// Threading:  0 0 2097152

// AfterAll
// Benchmark Process 14380 has exited with code 0.

Mean = 421.144 ns, StdErr = 2.400 ns (0.57%), N = 50, StdDev = 16.970 ns
Min = 401.627 ns, Q1 = 406.760 ns, Median = 415.681 ns, Q3 = 431.372 ns, Max = 473.777 ns
IQR = 24.611 ns, LowerFence = 369.843 ns, UpperFence = 468.289 ns
ConfidenceInterval = [412.743 ns; 429.545 ns] (CI 99.9%), Margin = 8.401 ns (1.99% of Mean)
Skewness = 0.91, Kurtosis = 3.22, MValue = 2.33

// ** Remained 6 (75.0%) benchmark(s) to run. Estimated finish 2026-09-13 0:36 (0h 6m from now) **
Setup power plan (GUID: 8c5e7fda-e8bf-4a96-9a85-a6e23a8c635c FriendlyName: High performance)
// **************************
// Benchmark: StringBenchmark.StringConcatenation: DefaultJob [Iterations=1000]
// *** Execute ***
// Launch: 1 / 1
// Execute: dotnet AcademyScheduleAnalyzer-DefaultJob-1.dll --anonymousPipes 1500 1360 --benchmarkName "AcademyScheduleAnalyzer.Benchmarks.StringBenchmark.StringConcatenation(Iterations: 1000)" --job Default --benchmarkId 2 in C:\Users\baker\OneDrive\Desktop\AcademyScheduleAnalyzer\AcademyScheduleAnalyzer\bin\Release\net10.0\AcademyScheduleAnalyzer-DefaultJob-1\bin\Release\net10.0
// BeforeAnythingElse

// Benchmark Process Environment Information:
// BenchmarkDotNet v0.15.8
// Runtime=.NET 10.0.11 (10.0.11, 10.0.1126.37416), X64 RyuJIT x86-64-v3
// GC=Non-concurrent Workstation
// HardwareIntrinsics=AVX2+BMI1+BMI2+F16C+FMA+LZCNT+MOVBE,AVX,SSE3+SSSE3+SSE4.1+SSE4.2+POPCNT,X86Base+SSE+SSE2,AES+PCLMUL VectorSize=256
// Job: DefaultJob

OverheadJitting  1: 1 op, 186200.00 ns, 186.2000 us/op
WorkloadJitting  1: 1 op, 2117100.00 ns, 2.1171 ms/op

OverheadJitting  2: 16 op, 405800.00 ns, 25.3625 us/op
WorkloadJitting  2: 16 op, 10348000.00 ns, 646.7500 us/op

WorkloadPilot    1: 16 op, 9316400.00 ns, 582.2750 us/op
WorkloadPilot    2: 32 op, 13516100.00 ns, 422.3781 us/op
WorkloadPilot    3: 64 op, 24703500.00 ns, 385.9922 us/op
WorkloadPilot    4: 128 op, 47705000.00 ns, 372.6953 us/op
WorkloadPilot    5: 256 op, 109551100.00 ns, 427.9340 us/op
WorkloadPilot    6: 512 op, 182601900.00 ns, 356.6443 us/op
WorkloadPilot    7: 1024 op, 381169600.00 ns, 372.2359 us/op
WorkloadPilot    8: 2048 op, 752107000.00 ns, 367.2397 us/op

OverheadWarmup   1: 2048 op, 7000.00 ns, 3.4180 ns/op
OverheadWarmup   2: 2048 op, 7600.00 ns, 3.7109 ns/op
OverheadWarmup   3: 2048 op, 6800.00 ns, 3.3203 ns/op
OverheadWarmup   4: 2048 op, 6700.00 ns, 3.2715 ns/op
OverheadWarmup   5: 2048 op, 6700.00 ns, 3.2715 ns/op
OverheadWarmup   6: 2048 op, 6700.00 ns, 3.2715 ns/op

OverheadActual   1: 2048 op, 6800.00 ns, 3.3203 ns/op
OverheadActual   2: 2048 op, 6600.00 ns, 3.2227 ns/op
OverheadActual   3: 2048 op, 6900.00 ns, 3.3691 ns/op
OverheadActual   4: 2048 op, 6900.00 ns, 3.3691 ns/op
OverheadActual   5: 2048 op, 6800.00 ns, 3.3203 ns/op
OverheadActual   6: 2048 op, 6800.00 ns, 3.3203 ns/op
OverheadActual   7: 2048 op, 6800.00 ns, 3.3203 ns/op
OverheadActual   8: 2048 op, 6700.00 ns, 3.2715 ns/op
OverheadActual   9: 2048 op, 6700.00 ns, 3.2715 ns/op
OverheadActual  10: 2048 op, 6700.00 ns, 3.2715 ns/op
OverheadActual  11: 2048 op, 6700.00 ns, 3.2715 ns/op
OverheadActual  12: 2048 op, 6700.00 ns, 3.2715 ns/op
OverheadActual  13: 2048 op, 6600.00 ns, 3.2227 ns/op
OverheadActual  14: 2048 op, 6600.00 ns, 3.2227 ns/op
OverheadActual  15: 2048 op, 6800.00 ns, 3.3203 ns/op

WorkloadWarmup   1: 2048 op, 764716100.00 ns, 373.3965 us/op
WorkloadWarmup   2: 2048 op, 802371600.00 ns, 391.7830 us/op
WorkloadWarmup   3: 2048 op, 757155800.00 ns, 369.7050 us/op
WorkloadWarmup   4: 2048 op, 748728600.00 ns, 365.5901 us/op
WorkloadWarmup   5: 2048 op, 772512700.00 ns, 377.2035 us/op
WorkloadWarmup   6: 2048 op, 997996500.00 ns, 487.3030 us/op
WorkloadWarmup   7: 2048 op, 756310200.00 ns, 369.2921 us/op

// BeforeActualRun
WorkloadActual   1: 2048 op, 768412500.00 ns, 375.2014 us/op
WorkloadActual   2: 2048 op, 879099800.00 ns, 429.2479 us/op
WorkloadActual   3: 2048 op, 1013215900.00 ns, 494.7343 us/op
WorkloadActual   4: 2048 op, 1042692700.00 ns, 509.1273 us/op
WorkloadActual   5: 2048 op, 912672300.00 ns, 445.6408 us/op
WorkloadActual   6: 2048 op, 818093600.00 ns, 399.4598 us/op
WorkloadActual   7: 2048 op, 832555400.00 ns, 406.5212 us/op
WorkloadActual   8: 2048 op, 947781600.00 ns, 462.7840 us/op
WorkloadActual   9: 2048 op, 1000373500.00 ns, 488.4636 us/op
WorkloadActual  10: 2048 op, 1030166200.00 ns, 503.0108 us/op
WorkloadActual  11: 2048 op, 1010571000.00 ns, 493.4429 us/op
WorkloadActual  12: 2048 op, 1140180700.00 ns, 556.7289 us/op
WorkloadActual  13: 2048 op, 973023700.00 ns, 475.1092 us/op
WorkloadActual  14: 2048 op, 942705000.00 ns, 460.3052 us/op
WorkloadActual  15: 2048 op, 855331100.00 ns, 417.6421 us/op
WorkloadActual  16: 2048 op, 886044700.00 ns, 432.6390 us/op
WorkloadActual  17: 2048 op, 984031300.00 ns, 480.4840 us/op
WorkloadActual  18: 2048 op, 856258300.00 ns, 418.0949 us/op
WorkloadActual  19: 2048 op, 785340500.00 ns, 383.4670 us/op
WorkloadActual  20: 2048 op, 832570500.00 ns, 406.5286 us/op
WorkloadActual  21: 2048 op, 759056900.00 ns, 370.6333 us/op
WorkloadActual  22: 2048 op, 760466500.00 ns, 371.3215 us/op
WorkloadActual  23: 2048 op, 795022100.00 ns, 388.1944 us/op
WorkloadActual  24: 2048 op, 795699700.00 ns, 388.5252 us/op
WorkloadActual  25: 2048 op, 775317700.00 ns, 378.5731 us/op
WorkloadActual  26: 2048 op, 788478800.00 ns, 384.9994 us/op
WorkloadActual  27: 2048 op, 730541300.00 ns, 356.7096 us/op
WorkloadActual  28: 2048 op, 744376100.00 ns, 363.4649 us/op
WorkloadActual  29: 2048 op, 746521400.00 ns, 364.5124 us/op
WorkloadActual  30: 2048 op, 713677000.00 ns, 348.4751 us/op
WorkloadActual  31: 2048 op, 729422600.00 ns, 356.1634 us/op
WorkloadActual  32: 2048 op, 730121400.00 ns, 356.5046 us/op
WorkloadActual  33: 2048 op, 814021200.00 ns, 397.4713 us/op
WorkloadActual  34: 2048 op, 730123500.00 ns, 356.5056 us/op
WorkloadActual  35: 2048 op, 739351300.00 ns, 361.0114 us/op
WorkloadActual  36: 2048 op, 745484100.00 ns, 364.0059 us/op
WorkloadActual  37: 2048 op, 718831400.00 ns, 350.9919 us/op
WorkloadActual  38: 2048 op, 832401500.00 ns, 406.4460 us/op
WorkloadActual  39: 2048 op, 745932100.00 ns, 364.2247 us/op
WorkloadActual  40: 2048 op, 721091700.00 ns, 352.0956 us/op
WorkloadActual  41: 2048 op, 738098200.00 ns, 360.3995 us/op
WorkloadActual  42: 2048 op, 742025900.00 ns, 362.3173 us/op
WorkloadActual  43: 2048 op, 733910100.00 ns, 358.3545 us/op
WorkloadActual  44: 2048 op, 743706000.00 ns, 363.1377 us/op
WorkloadActual  45: 2048 op, 739693000.00 ns, 361.1782 us/op
WorkloadActual  46: 2048 op, 735641600.00 ns, 359.2000 us/op
WorkloadActual  47: 2048 op, 707319900.00 ns, 345.3710 us/op
WorkloadActual  48: 2048 op, 741240600.00 ns, 361.9339 us/op
WorkloadActual  49: 2048 op, 736435600.00 ns, 359.5877 us/op
WorkloadActual  50: 2048 op, 755396400.00 ns, 368.8459 us/op
WorkloadActual  51: 2048 op, 703952000.00 ns, 343.7266 us/op
WorkloadActual  52: 2048 op, 734918800.00 ns, 358.8471 us/op
WorkloadActual  53: 2048 op, 717409500.00 ns, 350.2976 us/op
WorkloadActual  54: 2048 op, 735047100.00 ns, 358.9097 us/op
WorkloadActual  55: 2048 op, 744307800.00 ns, 363.4315 us/op
WorkloadActual  56: 2048 op, 733140700.00 ns, 357.9789 us/op
WorkloadActual  57: 2048 op, 739280300.00 ns, 360.9767 us/op
WorkloadActual  58: 2048 op, 728291900.00 ns, 355.6113 us/op
WorkloadActual  59: 2048 op, 735389000.00 ns, 359.0767 us/op
WorkloadActual  60: 2048 op, 726692100.00 ns, 354.8301 us/op
WorkloadActual  61: 2048 op, 733626200.00 ns, 358.2159 us/op
WorkloadActual  62: 2048 op, 721504500.00 ns, 352.2971 us/op
WorkloadActual  63: 2048 op, 742793300.00 ns, 362.6920 us/op
WorkloadActual  64: 2048 op, 727513000.00 ns, 355.2310 us/op
WorkloadActual  65: 2048 op, 807508600.00 ns, 394.2913 us/op
WorkloadActual  66: 2048 op, 759995600.00 ns, 371.0916 us/op
WorkloadActual  67: 2048 op, 733860600.00 ns, 358.3304 us/op
WorkloadActual  68: 2048 op, 742216900.00 ns, 362.4106 us/op
WorkloadActual  69: 2048 op, 739447500.00 ns, 361.0583 us/op
WorkloadActual  70: 2048 op, 727339300.00 ns, 355.1461 us/op
WorkloadActual  71: 2048 op, 736956900.00 ns, 359.8422 us/op
WorkloadActual  72: 2048 op, 718099100.00 ns, 350.6343 us/op
WorkloadActual  73: 2048 op, 739372500.00 ns, 361.0217 us/op
WorkloadActual  74: 2048 op, 735042800.00 ns, 358.9076 us/op
WorkloadActual  75: 2048 op, 723461500.00 ns, 353.2527 us/op
WorkloadActual  76: 2048 op, 726082500.00 ns, 354.5325 us/op
WorkloadActual  77: 2048 op, 738493900.00 ns, 360.5927 us/op
WorkloadActual  78: 2048 op, 713045000.00 ns, 348.1665 us/op
WorkloadActual  79: 2048 op, 731733000.00 ns, 357.2915 us/op
WorkloadActual  80: 2048 op, 771170500.00 ns, 376.5481 us/op
WorkloadActual  81: 2048 op, 732749900.00 ns, 357.7880 us/op
WorkloadActual  82: 2048 op, 732175700.00 ns, 357.5077 us/op
WorkloadActual  83: 2048 op, 731346800.00 ns, 357.1029 us/op
WorkloadActual  84: 2048 op, 726319400.00 ns, 354.6481 us/op
WorkloadActual  85: 2048 op, 722820500.00 ns, 352.9397 us/op
WorkloadActual  86: 2048 op, 740420400.00 ns, 361.5334 us/op
WorkloadActual  87: 2048 op, 723249900.00 ns, 353.1494 us/op
WorkloadActual  88: 2048 op, 726645500.00 ns, 354.8074 us/op
WorkloadActual  89: 2048 op, 739944500.00 ns, 361.3010 us/op
WorkloadActual  90: 2048 op, 720043800.00 ns, 351.5839 us/op
WorkloadActual  91: 2048 op, 781150400.00 ns, 381.4211 us/op

// AfterActualRun
WorkloadResult   1: 2048 op, 768405800.00 ns, 375.1981 us/op
WorkloadResult   2: 2048 op, 879093100.00 ns, 429.2447 us/op
WorkloadResult   3: 2048 op, 818086900.00 ns, 399.4565 us/op
WorkloadResult   4: 2048 op, 832548700.00 ns, 406.5179 us/op
WorkloadResult   5: 2048 op, 855324400.00 ns, 417.6389 us/op
WorkloadResult   6: 2048 op, 856251600.00 ns, 418.0916 us/op
WorkloadResult   7: 2048 op, 785333800.00 ns, 383.4638 us/op
WorkloadResult   8: 2048 op, 832563800.00 ns, 406.5253 us/op
WorkloadResult   9: 2048 op, 759050200.00 ns, 370.6300 us/op
WorkloadResult  10: 2048 op, 760459800.00 ns, 371.3183 us/op
WorkloadResult  11: 2048 op, 795015400.00 ns, 388.1911 us/op
WorkloadResult  12: 2048 op, 795693000.00 ns, 388.5220 us/op
WorkloadResult  13: 2048 op, 775311000.00 ns, 378.5698 us/op
WorkloadResult  14: 2048 op, 788472100.00 ns, 384.9961 us/op
WorkloadResult  15: 2048 op, 730534600.00 ns, 356.7063 us/op
WorkloadResult  16: 2048 op, 744369400.00 ns, 363.4616 us/op
WorkloadResult  17: 2048 op, 746514700.00 ns, 364.5091 us/op
WorkloadResult  18: 2048 op, 713670300.00 ns, 348.4718 us/op
WorkloadResult  19: 2048 op, 729415900.00 ns, 356.1601 us/op
WorkloadResult  20: 2048 op, 730114700.00 ns, 356.5013 us/op
WorkloadResult  21: 2048 op, 814014500.00 ns, 397.4680 us/op
WorkloadResult  22: 2048 op, 730116800.00 ns, 356.5023 us/op
WorkloadResult  23: 2048 op, 739344600.00 ns, 361.0081 us/op
WorkloadResult  24: 2048 op, 745477400.00 ns, 364.0026 us/op
WorkloadResult  25: 2048 op, 718824700.00 ns, 350.9886 us/op
WorkloadResult  26: 2048 op, 832394800.00 ns, 406.4428 us/op
WorkloadResult  27: 2048 op, 745925400.00 ns, 364.2214 us/op
WorkloadResult  28: 2048 op, 721085000.00 ns, 352.0923 us/op
WorkloadResult  29: 2048 op, 738091500.00 ns, 360.3962 us/op
WorkloadResult  30: 2048 op, 742019200.00 ns, 362.3141 us/op
WorkloadResult  31: 2048 op, 733903400.00 ns, 358.3513 us/op
WorkloadResult  32: 2048 op, 743699300.00 ns, 363.1344 us/op
WorkloadResult  33: 2048 op, 739686300.00 ns, 361.1750 us/op
WorkloadResult  34: 2048 op, 735634900.00 ns, 359.1967 us/op
WorkloadResult  35: 2048 op, 707313200.00 ns, 345.3678 us/op
WorkloadResult  36: 2048 op, 741233900.00 ns, 361.9306 us/op
WorkloadResult  37: 2048 op, 736428900.00 ns, 359.5844 us/op
WorkloadResult  38: 2048 op, 755389700.00 ns, 368.8426 us/op
WorkloadResult  39: 2048 op, 703945300.00 ns, 343.7233 us/op
WorkloadResult  40: 2048 op, 734912100.00 ns, 358.8438 us/op
WorkloadResult  41: 2048 op, 717402800.00 ns, 350.2943 us/op
WorkloadResult  42: 2048 op, 735040400.00 ns, 358.9064 us/op
WorkloadResult  43: 2048 op, 744301100.00 ns, 363.4283 us/op
WorkloadResult  44: 2048 op, 733134000.00 ns, 357.9756 us/op
WorkloadResult  45: 2048 op, 739273600.00 ns, 360.9734 us/op
WorkloadResult  46: 2048 op, 728285200.00 ns, 355.6080 us/op
WorkloadResult  47: 2048 op, 735382300.00 ns, 359.0734 us/op
WorkloadResult  48: 2048 op, 726685400.00 ns, 354.8269 us/op
WorkloadResult  49: 2048 op, 733619500.00 ns, 358.2126 us/op
WorkloadResult  50: 2048 op, 721497800.00 ns, 352.2938 us/op
WorkloadResult  51: 2048 op, 742786600.00 ns, 362.6888 us/op
WorkloadResult  52: 2048 op, 727506300.00 ns, 355.2277 us/op
WorkloadResult  53: 2048 op, 807501900.00 ns, 394.2880 us/op
WorkloadResult  54: 2048 op, 759988900.00 ns, 371.0883 us/op
WorkloadResult  55: 2048 op, 733853900.00 ns, 358.3271 us/op
WorkloadResult  56: 2048 op, 742210200.00 ns, 362.4073 us/op
WorkloadResult  57: 2048 op, 739440800.00 ns, 361.0551 us/op
WorkloadResult  58: 2048 op, 727332600.00 ns, 355.1429 us/op
WorkloadResult  59: 2048 op, 736950200.00 ns, 359.8390 us/op
WorkloadResult  60: 2048 op, 718092400.00 ns, 350.6311 us/op
WorkloadResult  61: 2048 op, 739365800.00 ns, 361.0185 us/op
WorkloadResult  62: 2048 op, 735036100.00 ns, 358.9043 us/op
WorkloadResult  63: 2048 op, 723454800.00 ns, 353.2494 us/op
WorkloadResult  64: 2048 op, 726075800.00 ns, 354.5292 us/op
WorkloadResult  65: 2048 op, 738487200.00 ns, 360.5895 us/op
WorkloadResult  66: 2048 op, 713038300.00 ns, 348.1632 us/op
WorkloadResult  67: 2048 op, 731726300.00 ns, 357.2882 us/op
WorkloadResult  68: 2048 op, 771163800.00 ns, 376.5448 us/op
WorkloadResult  69: 2048 op, 732743200.00 ns, 357.7848 us/op
WorkloadResult  70: 2048 op, 732169000.00 ns, 357.5044 us/op
WorkloadResult  71: 2048 op, 731340100.00 ns, 357.0997 us/op
WorkloadResult  72: 2048 op, 726312700.00 ns, 354.6449 us/op
WorkloadResult  73: 2048 op, 722813800.00 ns, 352.9364 us/op
WorkloadResult  74: 2048 op, 740413700.00 ns, 361.5301 us/op
WorkloadResult  75: 2048 op, 723243200.00 ns, 353.1461 us/op
WorkloadResult  76: 2048 op, 726638800.00 ns, 354.8041 us/op
WorkloadResult  77: 2048 op, 739937800.00 ns, 361.2978 us/op
WorkloadResult  78: 2048 op, 720037100.00 ns, 351.5806 us/op
WorkloadResult  79: 2048 op, 781143700.00 ns, 381.4178 us/op
// GC:  1721 59 0 14401454080 2048
// Threading:  0 0 2048

// AfterAll
// Benchmark Process 13056 has exited with code 0.

Mean = 366.280 μs, StdErr = 2.025 μs (0.55%), N = 79, StdDev = 18.001 μs
Min = 343.723 μs, Q1 = 355.884 μs, Median = 360.396 μs, Q3 = 369.736 μs, Max = 429.245 μs
IQR = 13.852 μs, LowerFence = 335.106 μs, UpperFence = 390.515 μs
ConfidenceInterval = [359.354 μs; 373.205 μs] (CI 99.9%), Margin = 6.926 μs (1.89% of Mean)
Skewness = 1.66, Kurtosis = 5.13, MValue = 2

// ** Remained 5 (62.5%) benchmark(s) to run. Estimated finish 2026-09-13 0:37 (0h 5m from now) **
Setup power plan (GUID: 8c5e7fda-e8bf-4a96-9a85-a6e23a8c635c FriendlyName: High performance)
// **************************
// Benchmark: StringBenchmark.StringBuilderConcatenation: DefaultJob [Iterations=1000]
// *** Execute ***
// Launch: 1 / 1
// Execute: dotnet AcademyScheduleAnalyzer-DefaultJob-1.dll --anonymousPipes 912 1528 --benchmarkName "AcademyScheduleAnalyzer.Benchmarks.StringBenchmark.StringBuilderConcatenation(Iterations: 1000)" --job Default --benchmarkId 3 in C:\Users\baker\OneDrive\Desktop\AcademyScheduleAnalyzer\AcademyScheduleAnalyzer\bin\Release\net10.0\AcademyScheduleAnalyzer-DefaultJob-1\bin\Release\net10.0
// BeforeAnythingElse

// Benchmark Process Environment Information:
// BenchmarkDotNet v0.15.8
// Runtime=.NET 10.0.11 (10.0.11, 10.0.1126.37416), X64 RyuJIT x86-64-v3
// GC=Non-concurrent Workstation
// HardwareIntrinsics=AVX2+BMI1+BMI2+F16C+FMA+LZCNT+MOVBE,AVX,SSE3+SSSE3+SSE4.1+SSE4.2+POPCNT,X86Base+SSE+SSE2,AES+PCLMUL VectorSize=256
// Job: DefaultJob

OverheadJitting  1: 1 op, 179400.00 ns, 179.4000 us/op
WorkloadJitting  1: 1 op, 358100.00 ns, 358.1000 us/op

OverheadJitting  2: 16 op, 401300.00 ns, 25.0813 us/op
WorkloadJitting  2: 16 op, 1833300.00 ns, 114.5813 us/op

WorkloadPilot    1: 16 op, 299000.00 ns, 18.6875 us/op
WorkloadPilot    2: 32 op, 554800.00 ns, 17.3375 us/op
WorkloadPilot    3: 64 op, 1118700.00 ns, 17.4797 us/op
WorkloadPilot    4: 128 op, 2063700.00 ns, 16.1227 us/op
WorkloadPilot    5: 256 op, 3964000.00 ns, 15.4844 us/op
WorkloadPilot    6: 512 op, 6548100.00 ns, 12.7893 us/op
WorkloadPilot    7: 1024 op, 11334700.00 ns, 11.0690 us/op
WorkloadPilot    8: 2048 op, 22539400.00 ns, 11.0056 us/op
WorkloadPilot    9: 4096 op, 45338900.00 ns, 11.0691 us/op
WorkloadPilot   10: 8192 op, 85857700.00 ns, 10.4807 us/op
WorkloadPilot   11: 16384 op, 141752100.00 ns, 8.6519 us/op
WorkloadPilot   12: 32768 op, 127518100.00 ns, 3.8915 us/op
WorkloadPilot   13: 65536 op, 200234800.00 ns, 3.0553 us/op
WorkloadPilot   14: 131072 op, 390717100.00 ns, 2.9809 us/op
WorkloadPilot   15: 262144 op, 791742400.00 ns, 3.0203 us/op

OverheadWarmup   1: 262144 op, 805000.00 ns, 3.0708 ns/op
OverheadWarmup   2: 262144 op, 810700.00 ns, 3.0926 ns/op
OverheadWarmup   3: 262144 op, 817800.00 ns, 3.1197 ns/op
OverheadWarmup   4: 262144 op, 829500.00 ns, 3.1643 ns/op
OverheadWarmup   5: 262144 op, 806400.00 ns, 3.0762 ns/op
OverheadWarmup   6: 262144 op, 832800.00 ns, 3.1769 ns/op
OverheadWarmup   7: 262144 op, 831600.00 ns, 3.1723 ns/op

OverheadActual   1: 262144 op, 837300.00 ns, 3.1940 ns/op
OverheadActual   2: 262144 op, 825000.00 ns, 3.1471 ns/op
OverheadActual   3: 262144 op, 831800.00 ns, 3.1731 ns/op
OverheadActual   4: 262144 op, 810600.00 ns, 3.0922 ns/op
OverheadActual   5: 262144 op, 819300.00 ns, 3.1254 ns/op
OverheadActual   6: 262144 op, 813100.00 ns, 3.1017 ns/op
OverheadActual   7: 262144 op, 837900.00 ns, 3.1963 ns/op
OverheadActual   8: 262144 op, 829500.00 ns, 3.1643 ns/op
OverheadActual   9: 262144 op, 876300.00 ns, 3.3428 ns/op
OverheadActual  10: 262144 op, 816400.00 ns, 3.1143 ns/op
OverheadActual  11: 262144 op, 811500.00 ns, 3.0956 ns/op
OverheadActual  12: 262144 op, 854400.00 ns, 3.2593 ns/op
OverheadActual  13: 262144 op, 830200.00 ns, 3.1670 ns/op
OverheadActual  14: 262144 op, 1023100.00 ns, 3.9028 ns/op
OverheadActual  15: 262144 op, 993600.00 ns, 3.7903 ns/op

WorkloadWarmup   1: 262144 op, 828784900.00 ns, 3.1616 us/op
WorkloadWarmup   2: 262144 op, 821285000.00 ns, 3.1330 us/op
WorkloadWarmup   3: 262144 op, 814089300.00 ns, 3.1055 us/op
WorkloadWarmup   4: 262144 op, 809130700.00 ns, 3.0866 us/op
WorkloadWarmup   5: 262144 op, 796678300.00 ns, 3.0391 us/op
WorkloadWarmup   6: 262144 op, 810261500.00 ns, 3.0909 us/op
WorkloadWarmup   7: 262144 op, 788988100.00 ns, 3.0098 us/op
WorkloadWarmup   8: 262144 op, 801346300.00 ns, 3.0569 us/op
WorkloadWarmup   9: 262144 op, 787674800.00 ns, 3.0047 us/op

// BeforeActualRun
WorkloadActual   1: 262144 op, 797834600.00 ns, 3.0435 us/op
WorkloadActual   2: 262144 op, 886984500.00 ns, 3.3836 us/op
WorkloadActual   3: 262144 op, 851768100.00 ns, 3.2492 us/op
WorkloadActual   4: 262144 op, 833983500.00 ns, 3.1814 us/op
WorkloadActual   5: 262144 op, 849623400.00 ns, 3.2411 us/op
WorkloadActual   6: 262144 op, 853216200.00 ns, 3.2548 us/op
WorkloadActual   7: 262144 op, 857068900.00 ns, 3.2695 us/op
WorkloadActual   8: 262144 op, 857568800.00 ns, 3.2714 us/op
WorkloadActual   9: 262144 op, 854866000.00 ns, 3.2611 us/op
WorkloadActual  10: 262144 op, 843196000.00 ns, 3.2165 us/op
WorkloadActual  11: 262144 op, 845568300.00 ns, 3.2256 us/op
WorkloadActual  12: 262144 op, 854712700.00 ns, 3.2605 us/op
WorkloadActual  13: 262144 op, 848297800.00 ns, 3.2360 us/op
WorkloadActual  14: 262144 op, 845736200.00 ns, 3.2262 us/op
WorkloadActual  15: 262144 op, 840040300.00 ns, 3.2045 us/op
WorkloadActual  16: 262144 op, 847516200.00 ns, 3.2330 us/op

// AfterActualRun
WorkloadResult   1: 262144 op, 797004400.00 ns, 3.0403 us/op
WorkloadResult   2: 262144 op, 850937900.00 ns, 3.2461 us/op
WorkloadResult   3: 262144 op, 833153300.00 ns, 3.1782 us/op
WorkloadResult   4: 262144 op, 848793200.00 ns, 3.2379 us/op
WorkloadResult   5: 262144 op, 852386000.00 ns, 3.2516 us/op
WorkloadResult   6: 262144 op, 856238700.00 ns, 3.2663 us/op
WorkloadResult   7: 262144 op, 856738600.00 ns, 3.2682 us/op
WorkloadResult   8: 262144 op, 854035800.00 ns, 3.2579 us/op
WorkloadResult   9: 262144 op, 842365800.00 ns, 3.2134 us/op
WorkloadResult  10: 262144 op, 844738100.00 ns, 3.2224 us/op
WorkloadResult  11: 262144 op, 853882500.00 ns, 3.2573 us/op
WorkloadResult  12: 262144 op, 847467600.00 ns, 3.2328 us/op
WorkloadResult  13: 262144 op, 844906000.00 ns, 3.2231 us/op
WorkloadResult  14: 262144 op, 839210100.00 ns, 3.2013 us/op
WorkloadResult  15: 262144 op, 846686000.00 ns, 3.2299 us/op
// GC:  974 57 0 8160018432 262144
// Threading:  0 0 262144

// AfterAll
// Benchmark Process 12860 has exited with code 0.

Mean = 3.222 μs, StdErr = 0.014 μs (0.45%), N = 15, StdDev = 0.056 μs
Min = 3.040 μs, Q1 = 3.218 μs, Median = 3.233 μs, Q3 = 3.254 μs, Max = 3.268 μs
IQR = 0.037 μs, LowerFence = 3.163 μs, UpperFence = 3.309 μs
ConfidenceInterval = [3.162 μs; 3.282 μs] (CI 99.9%), Margin = 0.060 μs (1.86% of Mean)
Skewness = -2.18, Kurtosis = 7.45, MValue = 2

// ** Remained 4 (50.0%) benchmark(s) to run. Estimated finish 2026-09-13 0:35 (0h 3m from now) **
Setup power plan (GUID: 8c5e7fda-e8bf-4a96-9a85-a6e23a8c635c FriendlyName: High performance)
// **************************
// Benchmark: StringBenchmark.StringConcatenation: DefaultJob [Iterations=10000]
// *** Execute ***
// Launch: 1 / 1
// Execute: dotnet AcademyScheduleAnalyzer-DefaultJob-1.dll --anonymousPipes 1516 916 --benchmarkName "AcademyScheduleAnalyzer.Benchmarks.StringBenchmark.StringConcatenation(Iterations: 10000)" --job Default --benchmarkId 4 in C:\Users\baker\OneDrive\Desktop\AcademyScheduleAnalyzer\AcademyScheduleAnalyzer\bin\Release\net10.0\AcademyScheduleAnalyzer-DefaultJob-1\bin\Release\net10.0
// BeforeAnythingElse

// Benchmark Process Environment Information:
// BenchmarkDotNet v0.15.8
// Runtime=.NET 10.0.11 (10.0.11, 10.0.1126.37416), X64 RyuJIT x86-64-v3
// GC=Non-concurrent Workstation
// HardwareIntrinsics=AVX2+BMI1+BMI2+F16C+FMA+LZCNT+MOVBE,AVX,SSE3+SSSE3+SSE4.1+SSE4.2+POPCNT,X86Base+SSE+SSE2,AES+PCLMUL VectorSize=256
// Job: DefaultJob

OverheadJitting  1: 1 op, 185200.00 ns, 185.2000 us/op
WorkloadJitting  1: 1 op, 61851200.00 ns, 61.8512 ms/op

WorkloadPilot    1: 2 op, 117501400.00 ns, 58.7507 ms/op
WorkloadPilot    2: 3 op, 175739000.00 ns, 58.5797 ms/op
WorkloadPilot    3: 4 op, 237007400.00 ns, 59.2519 ms/op
WorkloadPilot    4: 5 op, 288868800.00 ns, 57.7738 ms/op
WorkloadPilot    5: 6 op, 352243800.00 ns, 58.7073 ms/op
WorkloadPilot    6: 7 op, 405150100.00 ns, 57.8786 ms/op
WorkloadPilot    7: 8 op, 464230200.00 ns, 58.0288 ms/op
WorkloadPilot    8: 9 op, 520222000.00 ns, 57.8024 ms/op

WorkloadWarmup   1: 9 op, 527673400.00 ns, 58.6304 ms/op
WorkloadWarmup   2: 9 op, 520473400.00 ns, 57.8304 ms/op
WorkloadWarmup   3: 9 op, 521944000.00 ns, 57.9938 ms/op
WorkloadWarmup   4: 9 op, 521841800.00 ns, 57.9824 ms/op
WorkloadWarmup   5: 9 op, 519332400.00 ns, 57.7036 ms/op
WorkloadWarmup   6: 9 op, 521325400.00 ns, 57.9250 ms/op
WorkloadWarmup   7: 9 op, 520086400.00 ns, 57.7874 ms/op

// BeforeActualRun
WorkloadActual   1: 9 op, 519786500.00 ns, 57.7541 ms/op
WorkloadActual   2: 9 op, 517507700.00 ns, 57.5009 ms/op
WorkloadActual   3: 9 op, 534681400.00 ns, 59.4090 ms/op
WorkloadActual   4: 9 op, 519483800.00 ns, 57.7204 ms/op
WorkloadActual   5: 9 op, 521107600.00 ns, 57.9008 ms/op
WorkloadActual   6: 9 op, 521121600.00 ns, 57.9024 ms/op
WorkloadActual   7: 9 op, 512802900.00 ns, 56.9781 ms/op
WorkloadActual   8: 9 op, 510270200.00 ns, 56.6967 ms/op
WorkloadActual   9: 9 op, 515955200.00 ns, 57.3284 ms/op
WorkloadActual  10: 9 op, 511156900.00 ns, 56.7952 ms/op
WorkloadActual  11: 9 op, 516487100.00 ns, 57.3875 ms/op
WorkloadActual  12: 9 op, 519612300.00 ns, 57.7347 ms/op
WorkloadActual  13: 9 op, 521169000.00 ns, 57.9077 ms/op
WorkloadActual  14: 9 op, 513493900.00 ns, 57.0549 ms/op
WorkloadActual  15: 9 op, 517622800.00 ns, 57.5136 ms/op

// AfterActualRun
WorkloadResult   1: 9 op, 519786500.00 ns, 57.7541 ms/op
WorkloadResult   2: 9 op, 517507700.00 ns, 57.5009 ms/op
WorkloadResult   3: 9 op, 519483800.00 ns, 57.7204 ms/op
WorkloadResult   4: 9 op, 521107600.00 ns, 57.9008 ms/op
WorkloadResult   5: 9 op, 521121600.00 ns, 57.9024 ms/op
WorkloadResult   6: 9 op, 512802900.00 ns, 56.9781 ms/op
WorkloadResult   7: 9 op, 510270200.00 ns, 56.6967 ms/op
WorkloadResult   8: 9 op, 515955200.00 ns, 57.3284 ms/op
WorkloadResult   9: 9 op, 511156900.00 ns, 56.7952 ms/op
WorkloadResult  10: 9 op, 516487100.00 ns, 57.3875 ms/op
WorkloadResult  11: 9 op, 519612300.00 ns, 57.7347 ms/op
WorkloadResult  12: 9 op, 521169000.00 ns, 57.9077 ms/op
WorkloadResult  13: 9 op, 513493900.00 ns, 57.0549 ms/op
WorkloadResult  14: 9 op, 517622800.00 ns, 57.5136 ms/op
// GC:  1513 1288 1243 6303297288 9
// Threading:  0 0 9

// AfterAll
// Benchmark Process 20588 has exited with code 0.

Mean = 57.441 ms, StdErr = 0.112 ms (0.19%), N = 14, StdDev = 0.417 ms
Min = 56.697 ms, Q1 = 57.123 ms, Median = 57.507 ms, Q3 = 57.749 ms, Max = 57.908 ms
IQR = 0.626 ms, LowerFence = 56.184 ms, UpperFence = 58.688 ms
ConfidenceInterval = [56.970 ms; 57.912 ms] (CI 99.9%), Margin = 0.471 ms (0.82% of Mean)
Skewness = -0.46, Kurtosis = 1.67, MValue = 2

// ** Remained 3 (37.5%) benchmark(s) to run. Estimated finish 2026-09-13 0:34 (0h 2m from now) **
Setup power plan (GUID: 8c5e7fda-e8bf-4a96-9a85-a6e23a8c635c FriendlyName: High performance)
// **************************
// Benchmark: StringBenchmark.StringBuilderConcatenation: DefaultJob [Iterations=10000]
// *** Execute ***
// Launch: 1 / 1
// Execute: dotnet AcademyScheduleAnalyzer-DefaultJob-1.dll --anonymousPipes 1480 1528 --benchmarkName "AcademyScheduleAnalyzer.Benchmarks.StringBenchmark.StringBuilderConcatenation(Iterations: 10000)" --job Default --benchmarkId 5 in C:\Users\baker\OneDrive\Desktop\AcademyScheduleAnalyzer\AcademyScheduleAnalyzer\bin\Release\net10.0\AcademyScheduleAnalyzer-DefaultJob-1\bin\Release\net10.0
// BeforeAnythingElse

// Benchmark Process Environment Information:
// BenchmarkDotNet v0.15.8
// Runtime=.NET 10.0.11 (10.0.11, 10.0.1126.37416), X64 RyuJIT x86-64-v3
// GC=Non-concurrent Workstation
// HardwareIntrinsics=AVX2+BMI1+BMI2+F16C+FMA+LZCNT+MOVBE,AVX,SSE3+SSSE3+SSE4.1+SSE4.2+POPCNT,X86Base+SSE+SSE2,AES+PCLMUL VectorSize=256
// Job: DefaultJob

OverheadJitting  1: 1 op, 474300.00 ns, 474.3000 us/op
WorkloadJitting  1: 1 op, 1015100.00 ns, 1.0151 ms/op

OverheadJitting  2: 16 op, 422000.00 ns, 26.3750 us/op
WorkloadJitting  2: 16 op, 2154100.00 ns, 134.6313 us/op

WorkloadPilot    1: 16 op, 1603400.00 ns, 100.2125 us/op
WorkloadPilot    2: 32 op, 2946000.00 ns, 92.0625 us/op
WorkloadPilot    3: 64 op, 5412500.00 ns, 84.5703 us/op
WorkloadPilot    4: 128 op, 11445900.00 ns, 89.4211 us/op
WorkloadPilot    5: 256 op, 22221600.00 ns, 86.8031 us/op
WorkloadPilot    6: 512 op, 45033500.00 ns, 87.9561 us/op
WorkloadPilot    7: 1024 op, 89567700.00 ns, 87.4685 us/op
WorkloadPilot    8: 2048 op, 186262800.00 ns, 90.9486 us/op
WorkloadPilot    9: 4096 op, 348417400.00 ns, 85.0628 us/op
WorkloadPilot   10: 8192 op, 670254300.00 ns, 81.8182 us/op

OverheadWarmup   1: 8192 op, 27300.00 ns, 3.3325 ns/op
OverheadWarmup   2: 8192 op, 25800.00 ns, 3.1494 ns/op
OverheadWarmup   3: 8192 op, 25700.00 ns, 3.1372 ns/op
OverheadWarmup   4: 8192 op, 26000.00 ns, 3.1738 ns/op
OverheadWarmup   5: 8192 op, 25800.00 ns, 3.1494 ns/op
OverheadWarmup   6: 8192 op, 25900.00 ns, 3.1616 ns/op
OverheadWarmup   7: 8192 op, 25900.00 ns, 3.1616 ns/op

OverheadActual   1: 8192 op, 26000.00 ns, 3.1738 ns/op
OverheadActual   2: 8192 op, 26500.00 ns, 3.2349 ns/op
OverheadActual   3: 8192 op, 25900.00 ns, 3.1616 ns/op
OverheadActual   4: 8192 op, 25900.00 ns, 3.1616 ns/op
OverheadActual   5: 8192 op, 25800.00 ns, 3.1494 ns/op
OverheadActual   6: 8192 op, 25800.00 ns, 3.1494 ns/op
OverheadActual   7: 8192 op, 25900.00 ns, 3.1616 ns/op
OverheadActual   8: 8192 op, 25900.00 ns, 3.1616 ns/op
OverheadActual   9: 8192 op, 25800.00 ns, 3.1494 ns/op
OverheadActual  10: 8192 op, 26800.00 ns, 3.2715 ns/op
OverheadActual  11: 8192 op, 25900.00 ns, 3.1616 ns/op
OverheadActual  12: 8192 op, 25700.00 ns, 3.1372 ns/op
OverheadActual  13: 8192 op, 25700.00 ns, 3.1372 ns/op
OverheadActual  14: 8192 op, 25800.00 ns, 3.1494 ns/op
OverheadActual  15: 8192 op, 25800.00 ns, 3.1494 ns/op

WorkloadWarmup   1: 8192 op, 648882800.00 ns, 79.2093 us/op
WorkloadWarmup   2: 8192 op, 646133800.00 ns, 78.8738 us/op
WorkloadWarmup   3: 8192 op, 640996900.00 ns, 78.2467 us/op
WorkloadWarmup   4: 8192 op, 643373800.00 ns, 78.5368 us/op
WorkloadWarmup   5: 8192 op, 635767700.00 ns, 77.6084 us/op
WorkloadWarmup   6: 8192 op, 640638700.00 ns, 78.2030 us/op
WorkloadWarmup   7: 8192 op, 638216500.00 ns, 77.9073 us/op

// BeforeActualRun
WorkloadActual   1: 8192 op, 643320000.00 ns, 78.5303 us/op
WorkloadActual   2: 8192 op, 642454000.00 ns, 78.4246 us/op
WorkloadActual   3: 8192 op, 632079100.00 ns, 77.1581 us/op
WorkloadActual   4: 8192 op, 640910400.00 ns, 78.2361 us/op
WorkloadActual   5: 8192 op, 642870900.00 ns, 78.4755 us/op
WorkloadActual   6: 8192 op, 635303600.00 ns, 77.5517 us/op
WorkloadActual   7: 8192 op, 644161000.00 ns, 78.6329 us/op
WorkloadActual   8: 8192 op, 653462600.00 ns, 79.7684 us/op
WorkloadActual   9: 8192 op, 632487400.00 ns, 77.2079 us/op
WorkloadActual  10: 8192 op, 645829500.00 ns, 78.8366 us/op
WorkloadActual  11: 8192 op, 638713800.00 ns, 77.9680 us/op
WorkloadActual  12: 8192 op, 641400700.00 ns, 78.2960 us/op
WorkloadActual  13: 8192 op, 633814500.00 ns, 77.3699 us/op
WorkloadActual  14: 8192 op, 644676000.00 ns, 78.6958 us/op
WorkloadActual  15: 8192 op, 627432200.00 ns, 76.5908 us/op

// AfterActualRun
WorkloadResult   1: 8192 op, 643294100.00 ns, 78.5271 us/op
WorkloadResult   2: 8192 op, 642428100.00 ns, 78.4214 us/op
WorkloadResult   3: 8192 op, 632053200.00 ns, 77.1549 us/op
WorkloadResult   4: 8192 op, 640884500.00 ns, 78.2330 us/op
WorkloadResult   5: 8192 op, 642845000.00 ns, 78.4723 us/op
WorkloadResult   6: 8192 op, 635277700.00 ns, 77.5485 us/op
WorkloadResult   7: 8192 op, 644135100.00 ns, 78.6298 us/op
WorkloadResult   8: 8192 op, 653436700.00 ns, 79.7652 us/op
WorkloadResult   9: 8192 op, 632461500.00 ns, 77.2048 us/op
WorkloadResult  10: 8192 op, 645803600.00 ns, 78.8334 us/op
WorkloadResult  11: 8192 op, 638687900.00 ns, 77.9648 us/op
WorkloadResult  12: 8192 op, 641374800.00 ns, 78.2928 us/op
WorkloadResult  13: 8192 op, 633788600.00 ns, 77.3668 us/op
WorkloadResult  14: 8192 op, 644650100.00 ns, 78.6926 us/op
WorkloadResult  15: 8192 op, 627406300.00 ns, 76.5877 us/op
// GC:  356 356 356 2340606784 8192
// Threading:  0 0 8192

// AfterAll
// Benchmark Process 21944 has exited with code 0.

Mean = 78.113 μs, StdErr = 0.210 μs (0.27%), N = 15, StdDev = 0.813 μs
Min = 76.588 μs, Q1 = 77.458 μs, Median = 78.293 μs, Q3 = 78.578 μs, Max = 79.765 μs
IQR = 1.121 μs, LowerFence = 75.776 μs, UpperFence = 80.260 μs
ConfidenceInterval = [77.244 μs; 78.983 μs] (CI 99.9%), Margin = 0.870 μs (1.11% of Mean)
Skewness = -0.05, Kurtosis = 2.33, MValue = 2

// ** Remained 2 (25.0%) benchmark(s) to run. Estimated finish 2026-09-13 0:33 (0h 1m from now) **
Setup power plan (GUID: 8c5e7fda-e8bf-4a96-9a85-a6e23a8c635c FriendlyName: High performance)
// **************************
// Benchmark: StringBenchmark.StringConcatenation: DefaultJob [Iterations=100000]
// *** Execute ***
// Launch: 1 / 1
// Execute: dotnet AcademyScheduleAnalyzer-DefaultJob-1.dll --anonymousPipes 912 1468 --benchmarkName "AcademyScheduleAnalyzer.Benchmarks.StringBenchmark.StringConcatenation(Iterations: 100000)" --job Default --benchmarkId 6 in C:\Users\baker\OneDrive\Desktop\AcademyScheduleAnalyzer\AcademyScheduleAnalyzer\bin\Release\net10.0\AcademyScheduleAnalyzer-DefaultJob-1\bin\Release\net10.0
// BeforeAnythingElse

// Benchmark Process Environment Information:
// BenchmarkDotNet v0.15.8
// Runtime=.NET 10.0.11 (10.0.11, 10.0.1126.37416), X64 RyuJIT x86-64-v3
// GC=Non-concurrent Workstation
// HardwareIntrinsics=AVX2+BMI1+BMI2+F16C+FMA+LZCNT+MOVBE,AVX,SSE3+SSSE3+SSE4.1+SSE4.2+POPCNT,X86Base+SSE+SSE2,AES+PCLMUL VectorSize=256
// Job: DefaultJob

OverheadJitting  1: 1 op, 180500.00 ns, 180.5000 us/op
WorkloadJitting  1: 1 op, 11828523500.00 ns, 11.8285 s/op

WorkloadWarmup   1: 1 op, 11759801300.00 ns, 11.7598 s/op
WorkloadWarmup   2: 1 op, 11845819800.00 ns, 11.8458 s/op
WorkloadWarmup   3: 1 op, 11755389800.00 ns, 11.7554 s/op
WorkloadWarmup   4: 1 op, 11785783500.00 ns, 11.7858 s/op
WorkloadWarmup   5: 1 op, 11870668100.00 ns, 11.8707 s/op
WorkloadWarmup   6: 1 op, 11755099500.00 ns, 11.7551 s/op

// BeforeActualRun
WorkloadActual   1: 1 op, 11769587800.00 ns, 11.7696 s/op
WorkloadActual   2: 1 op, 11795981800.00 ns, 11.7960 s/op
WorkloadActual   3: 1 op, 11765251200.00 ns, 11.7653 s/op
WorkloadActual   4: 1 op, 11830412600.00 ns, 11.8304 s/op
WorkloadActual   5: 1 op, 11748254200.00 ns, 11.7483 s/op
WorkloadActual   6: 1 op, 11758120500.00 ns, 11.7581 s/op
WorkloadActual   7: 1 op, 11751369300.00 ns, 11.7514 s/op
WorkloadActual   8: 1 op, 11735512400.00 ns, 11.7355 s/op
WorkloadActual   9: 1 op, 11702695500.00 ns, 11.7027 s/op
WorkloadActual  10: 1 op, 11712339900.00 ns, 11.7123 s/op
WorkloadActual  11: 1 op, 11702259200.00 ns, 11.7023 s/op
WorkloadActual  12: 1 op, 11738053400.00 ns, 11.7381 s/op
WorkloadActual  13: 1 op, 11733044500.00 ns, 11.7330 s/op
WorkloadActual  14: 1 op, 11688944800.00 ns, 11.6889 s/op
WorkloadActual  15: 1 op, 11701251600.00 ns, 11.7013 s/op

// AfterActualRun
WorkloadResult   1: 1 op, 11769587800.00 ns, 11.7696 s/op
WorkloadResult   2: 1 op, 11795981800.00 ns, 11.7960 s/op
WorkloadResult   3: 1 op, 11765251200.00 ns, 11.7653 s/op
WorkloadResult   4: 1 op, 11830412600.00 ns, 11.8304 s/op
WorkloadResult   5: 1 op, 11748254200.00 ns, 11.7483 s/op
WorkloadResult   6: 1 op, 11758120500.00 ns, 11.7581 s/op
WorkloadResult   7: 1 op, 11751369300.00 ns, 11.7514 s/op
WorkloadResult   8: 1 op, 11735512400.00 ns, 11.7355 s/op
WorkloadResult   9: 1 op, 11702695500.00 ns, 11.7027 s/op
WorkloadResult  10: 1 op, 11712339900.00 ns, 11.7123 s/op
WorkloadResult  11: 1 op, 11702259200.00 ns, 11.7023 s/op
WorkloadResult  12: 1 op, 11738053400.00 ns, 11.7381 s/op
WorkloadResult  13: 1 op, 11733044500.00 ns, 11.7330 s/op
WorkloadResult  14: 1 op, 11688944800.00 ns, 11.6889 s/op
WorkloadResult  15: 1 op, 11701251600.00 ns, 11.7013 s/op
// GC:  19441 19416 19411 70009722056 1
// Threading:  0 0 1

// AfterAll
// Benchmark Process 19484 has exited with code 0.

Mean = 11.742 s, StdErr = 0.010 s (0.09%), N = 15, StdDev = 0.039 s
Min = 11.689 s, Q1 = 11.708 s, Median = 11.738 s, Q3 = 11.762 s, Max = 11.830 s
IQR = 0.054 s, LowerFence = 11.626 s, UpperFence = 11.843 s
ConfidenceInterval = [11.701 s; 11.784 s] (CI 99.9%), Margin = 0.041 s (0.35% of Mean)
Skewness = 0.58, Kurtosis = 2.55, MValue = 2

// ** Remained 1 (12.5%) benchmark(s) to run. Estimated finish 2026-09-13 0:38 (0h 1m from now) **
Setup power plan (GUID: 8c5e7fda-e8bf-4a96-9a85-a6e23a8c635c FriendlyName: High performance)
// **************************
// Benchmark: StringBenchmark.StringBuilderConcatenation: DefaultJob [Iterations=100000]
// *** Execute ***
// Launch: 1 / 1
// Execute: dotnet AcademyScheduleAnalyzer-DefaultJob-1.dll --anonymousPipes 1592 1496 --benchmarkName "AcademyScheduleAnalyzer.Benchmarks.StringBenchmark.StringBuilderConcatenation(Iterations: 100000)" --job Default --benchmarkId 7 in C:\Users\baker\OneDrive\Desktop\AcademyScheduleAnalyzer\AcademyScheduleAnalyzer\bin\Release\net10.0\AcademyScheduleAnalyzer-DefaultJob-1\bin\Release\net10.0
// BeforeAnythingElse

// Benchmark Process Environment Information:
// BenchmarkDotNet v0.15.8
// Runtime=.NET 10.0.11 (10.0.11, 10.0.1126.37416), X64 RyuJIT x86-64-v3
// GC=Non-concurrent Workstation
// HardwareIntrinsics=AVX2+BMI1+BMI2+F16C+FMA+LZCNT+MOVBE,AVX,SSE3+SSSE3+SSE4.1+SSE4.2+POPCNT,X86Base+SSE+SSE2,AES+PCLMUL VectorSize=256
// Job: DefaultJob

OverheadJitting  1: 1 op, 176500.00 ns, 176.5000 us/op
WorkloadJitting  1: 1 op, 1824900.00 ns, 1.8249 ms/op

OverheadJitting  2: 16 op, 418500.00 ns, 26.1563 us/op
WorkloadJitting  2: 16 op, 15190200.00 ns, 949.3875 us/op

WorkloadPilot    1: 16 op, 14444000.00 ns, 902.7500 us/op
WorkloadPilot    2: 32 op, 27738200.00 ns, 866.8188 us/op
WorkloadPilot    3: 64 op, 54583200.00 ns, 852.8625 us/op
WorkloadPilot    4: 128 op, 117121000.00 ns, 915.0078 us/op
WorkloadPilot    5: 256 op, 208718600.00 ns, 815.3070 us/op
WorkloadPilot    6: 512 op, 430442800.00 ns, 840.7086 us/op
WorkloadPilot    7: 1024 op, 859937100.00 ns, 839.7823 us/op

OverheadWarmup   1: 1024 op, 3800.00 ns, 3.7109 ns/op
OverheadWarmup   2: 1024 op, 3800.00 ns, 3.7109 ns/op
OverheadWarmup   3: 1024 op, 3500.00 ns, 3.4180 ns/op
OverheadWarmup   4: 1024 op, 5200.00 ns, 5.0781 ns/op
OverheadWarmup   5: 1024 op, 3600.00 ns, 3.5156 ns/op

OverheadActual   1: 1024 op, 3600.00 ns, 3.5156 ns/op
OverheadActual   2: 1024 op, 3600.00 ns, 3.5156 ns/op
OverheadActual   3: 1024 op, 3600.00 ns, 3.5156 ns/op
OverheadActual   4: 1024 op, 3600.00 ns, 3.5156 ns/op
OverheadActual   5: 1024 op, 3600.00 ns, 3.5156 ns/op
OverheadActual   6: 1024 op, 3600.00 ns, 3.5156 ns/op
OverheadActual   7: 1024 op, 3600.00 ns, 3.5156 ns/op
OverheadActual   8: 1024 op, 3600.00 ns, 3.5156 ns/op
OverheadActual   9: 1024 op, 3600.00 ns, 3.5156 ns/op
OverheadActual  10: 1024 op, 3600.00 ns, 3.5156 ns/op
OverheadActual  11: 1024 op, 3600.00 ns, 3.5156 ns/op
OverheadActual  12: 1024 op, 3500.00 ns, 3.4180 ns/op
OverheadActual  13: 1024 op, 3600.00 ns, 3.5156 ns/op
OverheadActual  14: 1024 op, 3500.00 ns, 3.4180 ns/op
OverheadActual  15: 1024 op, 3600.00 ns, 3.5156 ns/op

WorkloadWarmup   1: 1024 op, 825480400.00 ns, 806.1332 us/op
WorkloadWarmup   2: 1024 op, 839599600.00 ns, 819.9215 us/op
WorkloadWarmup   3: 1024 op, 861022300.00 ns, 840.8421 us/op
WorkloadWarmup   4: 1024 op, 845134600.00 ns, 825.3268 us/op
WorkloadWarmup   5: 1024 op, 844110700.00 ns, 824.3269 us/op
WorkloadWarmup   6: 1024 op, 835278100.00 ns, 815.7013 us/op
WorkloadWarmup   7: 1024 op, 832557700.00 ns, 813.0446 us/op
WorkloadWarmup   8: 1024 op, 822620200.00 ns, 803.3400 us/op
WorkloadWarmup   9: 1024 op, 855138000.00 ns, 835.0957 us/op
WorkloadWarmup  10: 1024 op, 826570900.00 ns, 807.1981 us/op

// BeforeActualRun
WorkloadActual   1: 1024 op, 861936700.00 ns, 841.7351 us/op
WorkloadActual   2: 1024 op, 849219300.00 ns, 829.3157 us/op
WorkloadActual   3: 1024 op, 848800300.00 ns, 828.9065 us/op
WorkloadActual   4: 1024 op, 895423500.00 ns, 874.4370 us/op
WorkloadActual   5: 1024 op, 853567300.00 ns, 833.5618 us/op
WorkloadActual   6: 1024 op, 843633200.00 ns, 823.8605 us/op
WorkloadActual   7: 1024 op, 850208300.00 ns, 830.2815 us/op
WorkloadActual   8: 1024 op, 846732800.00 ns, 826.8875 us/op
WorkloadActual   9: 1024 op, 842217300.00 ns, 822.4778 us/op
WorkloadActual  10: 1024 op, 850580400.00 ns, 830.6449 us/op
WorkloadActual  11: 1024 op, 851791800.00 ns, 831.8279 us/op
WorkloadActual  12: 1024 op, 854814700.00 ns, 834.7800 us/op
WorkloadActual  13: 1024 op, 861667100.00 ns, 841.4718 us/op
WorkloadActual  14: 1024 op, 850240000.00 ns, 830.3125 us/op
WorkloadActual  15: 1024 op, 863626800.00 ns, 843.3855 us/op

// AfterActualRun
WorkloadResult   1: 1024 op, 861933100.00 ns, 841.7315 us/op
WorkloadResult   2: 1024 op, 849215700.00 ns, 829.3122 us/op
WorkloadResult   3: 1024 op, 848796700.00 ns, 828.9030 us/op
WorkloadResult   4: 1024 op, 853563700.00 ns, 833.5583 us/op
WorkloadResult   5: 1024 op, 843629600.00 ns, 823.8570 us/op
WorkloadResult   6: 1024 op, 850204700.00 ns, 830.2780 us/op
WorkloadResult   7: 1024 op, 846729200.00 ns, 826.8840 us/op
WorkloadResult   8: 1024 op, 842213700.00 ns, 822.4743 us/op
WorkloadResult   9: 1024 op, 850576800.00 ns, 830.6414 us/op
WorkloadResult  10: 1024 op, 851788200.00 ns, 831.8244 us/op
WorkloadResult  11: 1024 op, 854811100.00 ns, 834.7765 us/op
WorkloadResult  12: 1024 op, 861663500.00 ns, 841.4683 us/op
WorkloadResult  13: 1024 op, 850236400.00 ns, 830.3090 us/op
WorkloadResult  14: 1024 op, 863623200.00 ns, 843.3820 us/op
// GC:  341 341 341 2883075984 1024
// Threading:  0 0 1024

// AfterAll
// Benchmark Process 7072 has exited with code 0.

Mean = 832.100 μs, StdErr = 1.709 μs (0.21%), N = 14, StdDev = 6.395 μs
Min = 822.474 μs, Q1 = 829.005 μs, Median = 830.475 μs, Q3 = 834.472 μs, Max = 843.382 μs
IQR = 5.467 μs, LowerFence = 820.805 μs, UpperFence = 842.672 μs
ConfidenceInterval = [824.886 μs; 839.314 μs] (CI 99.9%), Margin = 7.214 μs (0.87% of Mean)
Skewness = 0.41, Kurtosis = 1.99, MValue = 2

// ** Remained 0 (0.0%) benchmark(s) to run. Estimated finish 2026-09-13 0:37 (0h 0m from now) **
Successfully reverted power plan (GUID: 381b4222-f694-41f0-9685-ff5bb260df2e FriendlyName: Balanced)
// ***** BenchmarkRunner: Finish  *****

// * Export *
  BenchmarkDotNet.Artifacts\results\AcademyScheduleAnalyzer.Benchmarks.StringBenchmark-report.csv
  BenchmarkDotNet.Artifacts\results\AcademyScheduleAnalyzer.Benchmarks.StringBenchmark-report-github.md
  BenchmarkDotNet.Artifacts\results\AcademyScheduleAnalyzer.Benchmarks.StringBenchmark-report.html

// * Detailed results *
StringBenchmark.StringConcatenation: DefaultJob [Iterations=100]
Runtime = .NET 10.0.11 (10.0.11, 10.0.1126.37416), X64 RyuJIT x86-64-v3; GC = Non-concurrent Workstation
Mean = 4.327 μs, StdErr = 0.031 μs (0.72%), N = 96, StdDev = 0.305 μs
Min = 3.931 μs, Q1 = 4.116 μs, Median = 4.204 μs, Q3 = 4.451 μs, Max = 5.133 μs
IQR = 0.335 μs, LowerFence = 3.613 μs, UpperFence = 4.953 μs
ConfidenceInterval = [4.221 μs; 4.432 μs] (CI 99.9%), Margin = 0.106 μs (2.44% of Mean)
Skewness = 0.97, Kurtosis = 2.74, MValue = 2.5
-------------------- Histogram --------------------
[3.921 μs ; 4.090 μs) | @@@@@@@@@@@@@@@@@
[4.090 μs ; 4.265 μs) | @@@@@@@@@@@@@@@@@@@@@@@@@@@@@@@@@@@@@@@@@@
[4.265 μs ; 4.449 μs) | @@@@@@@@@@@@@
[4.449 μs ; 4.669 μs) | @@@@@
[4.669 μs ; 4.881 μs) | @@@@@@@@@@@@@@@
[4.881 μs ; 5.146 μs) | @@@@
---------------------------------------------------

StringBenchmark.StringBuilderConcatenation: DefaultJob [Iterations=100]
Runtime = .NET 10.0.11 (10.0.11, 10.0.1126.37416), X64 RyuJIT x86-64-v3; GC = Non-concurrent Workstation
Mean = 421.144 ns, StdErr = 2.400 ns (0.57%), N = 50, StdDev = 16.970 ns
Min = 401.627 ns, Q1 = 406.760 ns, Median = 415.681 ns, Q3 = 431.372 ns, Max = 473.777 ns
IQR = 24.611 ns, LowerFence = 369.843 ns, UpperFence = 468.289 ns
ConfidenceInterval = [412.743 ns; 429.545 ns] (CI 99.9%), Margin = 8.401 ns (1.99% of Mean)
Skewness = 0.91, Kurtosis = 3.22, MValue = 2.33
-------------------- Histogram --------------------
[401.589 ns ; 413.681 ns) | @@@@@@@@@@@@@@@@@@@@@@@
[413.681 ns ; 425.305 ns) | @@@@@@@
[425.305 ns ; 437.397 ns) | @@@@@@@@@@@@
[437.397 ns ; 450.466 ns) | @@@@@
[450.466 ns ; 467.731 ns) | @@
[467.731 ns ; 479.823 ns) | @
---------------------------------------------------

StringBenchmark.StringConcatenation: DefaultJob [Iterations=1000]
Runtime = .NET 10.0.11 (10.0.11, 10.0.1126.37416), X64 RyuJIT x86-64-v3; GC = Non-concurrent Workstation
Mean = 366.280 μs, StdErr = 2.025 μs (0.55%), N = 79, StdDev = 18.001 μs
Min = 343.723 μs, Q1 = 355.884 μs, Median = 360.396 μs, Q3 = 369.736 μs, Max = 429.245 μs
IQR = 13.852 μs, LowerFence = 335.106 μs, UpperFence = 390.515 μs
ConfidenceInterval = [359.354 μs; 373.205 μs] (CI 99.9%), Margin = 6.926 μs (1.89% of Mean)
Skewness = 1.66, Kurtosis = 5.13, MValue = 2
-------------------- Histogram --------------------
[342.980 μs ; 354.013 μs) | @@@@@@@@@@@@@
[354.013 μs ; 365.026 μs) | @@@@@@@@@@@@@@@@@@@@@@@@@@@@@@@@@@@@@@@@@@@@@
[365.026 μs ; 379.213 μs) | @@@@@@@
[379.213 μs ; 390.476 μs) | @@@@@
[390.476 μs ; 407.503 μs) | @@@@@@
[407.503 μs ; 423.372 μs) | @@
[423.372 μs ; 434.751 μs) | @
---------------------------------------------------

StringBenchmark.StringBuilderConcatenation: DefaultJob [Iterations=1000]
Runtime = .NET 10.0.11 (10.0.11, 10.0.1126.37416), X64 RyuJIT x86-64-v3; GC = Non-concurrent Workstation
Mean = 3.222 μs, StdErr = 0.014 μs (0.45%), N = 15, StdDev = 0.056 μs
Min = 3.040 μs, Q1 = 3.218 μs, Median = 3.233 μs, Q3 = 3.254 μs, Max = 3.268 μs
IQR = 0.037 μs, LowerFence = 3.163 μs, UpperFence = 3.309 μs
ConfidenceInterval = [3.162 μs; 3.282 μs] (CI 99.9%), Margin = 0.060 μs (1.86% of Mean)
Skewness = -2.18, Kurtosis = 7.45, MValue = 2
-------------------- Histogram --------------------
[3.011 μs ; 3.130 μs) | @
[3.130 μs ; 3.273 μs) | @@@@@@@@@@@@@@
---------------------------------------------------

StringBenchmark.StringConcatenation: DefaultJob [Iterations=10000]
Runtime = .NET 10.0.11 (10.0.11, 10.0.1126.37416), X64 RyuJIT x86-64-v3; GC = Non-concurrent Workstation
Mean = 57.441 ms, StdErr = 0.112 ms (0.19%), N = 14, StdDev = 0.417 ms
Min = 56.697 ms, Q1 = 57.123 ms, Median = 57.507 ms, Q3 = 57.749 ms, Max = 57.908 ms
IQR = 0.626 ms, LowerFence = 56.184 ms, UpperFence = 58.688 ms
ConfidenceInterval = [56.970 ms; 57.912 ms] (CI 99.9%), Margin = 0.471 ms (0.82% of Mean)
Skewness = -0.46, Kurtosis = 1.67, MValue = 2
-------------------- Histogram --------------------
[56.469 ms ; 58.135 ms) | @@@@@@@@@@@@@@
---------------------------------------------------

StringBenchmark.StringBuilderConcatenation: DefaultJob [Iterations=10000]
Runtime = .NET 10.0.11 (10.0.11, 10.0.1126.37416), X64 RyuJIT x86-64-v3; GC = Non-concurrent Workstation
Mean = 78.113 μs, StdErr = 0.210 μs (0.27%), N = 15, StdDev = 0.813 μs
Min = 76.588 μs, Q1 = 77.458 μs, Median = 78.293 μs, Q3 = 78.578 μs, Max = 79.765 μs
IQR = 1.121 μs, LowerFence = 75.776 μs, UpperFence = 80.260 μs
ConfidenceInterval = [77.244 μs; 78.983 μs] (CI 99.9%), Margin = 0.870 μs (1.11% of Mean)
Skewness = -0.05, Kurtosis = 2.33, MValue = 2
-------------------- Histogram --------------------
[76.578 μs ; 80.198 μs) | @@@@@@@@@@@@@@@
---------------------------------------------------

StringBenchmark.StringConcatenation: DefaultJob [Iterations=100000]
Runtime = .NET 10.0.11 (10.0.11, 10.0.1126.37416), X64 RyuJIT x86-64-v3; GC = Non-concurrent Workstation
Mean = 11.742 s, StdErr = 0.010 s (0.09%), N = 15, StdDev = 0.039 s
Min = 11.689 s, Q1 = 11.708 s, Median = 11.738 s, Q3 = 11.762 s, Max = 11.830 s
IQR = 0.054 s, LowerFence = 11.626 s, UpperFence = 11.843 s
ConfidenceInterval = [11.701 s; 11.784 s] (CI 99.9%), Margin = 0.041 s (0.35% of Mean)
Skewness = 0.58, Kurtosis = 2.55, MValue = 2
-------------------- Histogram --------------------
[11.668 s ; 11.851 s) | @@@@@@@@@@@@@@@
---------------------------------------------------

StringBenchmark.StringBuilderConcatenation: DefaultJob [Iterations=100000]
Runtime = .NET 10.0.11 (10.0.11, 10.0.1126.37416), X64 RyuJIT x86-64-v3; GC = Non-concurrent Workstation
Mean = 832.100 μs, StdErr = 1.709 μs (0.21%), N = 14, StdDev = 6.395 μs
Min = 822.474 μs, Q1 = 829.005 μs, Median = 830.475 μs, Q3 = 834.472 μs, Max = 843.382 μs
IQR = 5.467 μs, LowerFence = 820.805 μs, UpperFence = 842.672 μs
ConfidenceInterval = [824.886 μs; 839.314 μs] (CI 99.9%), Margin = 7.214 μs (0.87% of Mean)
Skewness = 0.41, Kurtosis = 1.99, MValue = 2
-------------------- Histogram --------------------
[818.992 μs ; 846.865 μs) | @@@@@@@@@@@@@@
---------------------------------------------------

// * Summary *

BenchmarkDotNet v0.15.8, Windows 11 (10.0.22621.4317/22H2/2022Update/SunValley2)
Intel Core i7-10700K CPU 3.80GHz (Max: 3.79GHz), 1 CPU, 16 logical and 8 physical cores
.NET SDK 10.0.400
  [Host]     : .NET 10.0.11 (10.0.11, 10.0.1126.37416), X64 RyuJIT x86-64-v3
  DefaultJob : .NET 10.0.11 (10.0.11, 10.0.1126.37416), X64 RyuJIT x86-64-v3


| Method                     | Iterations | Mean                | Error            | StdDev           | Median              | Gen0          | Gen1          | Gen2          | Allocated     |
|--------------------------- |----------- |--------------------:|-----------------:|-----------------:|--------------------:|--------------:|--------------:|--------------:|--------------:|
| StringConcatenation        | 100        |          4,326.7 ns |        105.62 ns |        304.75 ns |          4,204.3 ns |        8.7433 |        0.0305 |             - |      71.45 KB |
| StringBuilderConcatenation | 100        |            421.1 ns |          8.40 ns |         16.97 ns |            415.7 ns |        0.4749 |        0.0029 |             - |       3.88 KB |
| StringConcatenation        | 1000       |        366,279.5 ns |      6,925.93 ns |     18,001.43 ns |        360,396.2 ns |      840.3320 |       28.8086 |             - |    6867.15 KB |
| StringBuilderConcatenation | 1000       |          3,221.8 ns |         59.89 ns |         56.02 ns |          3,232.8 ns |        3.7155 |        0.2174 |             - |       30.4 KB |
| StringConcatenation        | 10000      |     57,441,091.3 ns |    470,687.22 ns |    417,251.96 ns |     57,507,250.0 ns |   168111.1111 |   143111.1111 |   138111.1111 |  683951.53 KB |
| StringBuilderConcatenation | 10000      |         78,113.0 ns |        869.50 ns |        813.33 ns |         78,292.8 ns |       43.4570 |       43.4570 |       43.4570 |     279.02 KB |
| StringConcatenation        | 100000     | 11,742,205,246.7 ns | 41,439,733.21 ns | 38,762,752.17 ns | 11,738,053,400.0 ns | 19441000.0000 | 19416000.0000 | 19411000.0000 | 68368869.2 KB |
| StringBuilderConcatenation | 100000     |        832,100.0 ns |      7,213.89 ns |      6,394.92 ns |        830,475.2 ns |      333.0078 |      333.0078 |      333.0078 |    2749.52 KB |

// * Hints *
Outliers
  StringBenchmark.StringConcatenation: Default        -> 4 outliers were removed (5.65 μs..6.21 μs)
  StringBenchmark.StringBuilderConcatenation: Default -> 3 outliers were removed (479.93 ns..484.37 ns)
  StringBenchmark.StringConcatenation: Default        -> 12 outliers were removed (432.64 μs..556.73 μs)
  StringBenchmark.StringBuilderConcatenation: Default -> 1 outlier  was  removed, 2 outliers were detected (3.04 μs, 3.38 μs)
  StringBenchmark.StringConcatenation: Default        -> 1 outlier  was  removed (59.41 ms)
  StringBenchmark.StringBuilderConcatenation: Default -> 1 outlier  was  removed (874.44 μs)

// * Legends *
  Iterations : Value of the 'Iterations' parameter
  Mean       : Arithmetic mean of all measurements
  Error      : Half of 99.9% confidence interval
  StdDev     : Standard deviation of all measurements
  Median     : Value separating the higher half of all measurements (50th percentile)
  Gen0       : GC Generation 0 collects per 1000 operations
  Gen1       : GC Generation 1 collects per 1000 operations
  Gen2       : GC Generation 2 collects per 1000 operations
  Allocated  : Allocated memory per single operation (managed only, inclusive, 1KB = 1024B)
  1 ns       : 1 Nanosecond (0.000000001 sec)

// * Diagnostic Output - MemoryDiagnoser *


// ***** BenchmarkRunner: End *****
Run time: 00:09:12 (552.28 sec), executed benchmarks: 8

Global total time: 00:09:21 (561.04 sec), executed benchmarks: 8
// * Artifacts cleanup *
Artifacts cleanup is finished
